[    0.000000] Initializing cgroup subsys cpuset
[    0.000000] Initializing cgroup subsys cpu
[    0.000000] Initializing cgroup subsys cpuacct
[    0.000000] Linux version 4.4.0-141-generic (buildd@lcy01-amd64-006) (gcc version 5.4.0 20160609 (Ubuntu 5.4.0-6ubuntu1~16.04.10) ) #167-Ubuntu SMP Wed Dec 5 10:40:15 UTC 2018 (Ubuntu 4.4.0-141.167-generic 4.4.162)
[    0.000000] Command line: BOOT_IMAGE=/boot/vmlinuz-4.4.0-141-generic root=LABEL=cloudimg-rootfs ro console=tty1 console=ttyS0
[    0.000000] KERNEL supported cpus:
[    0.000000]   Intel GenuineIntel
[    0.000000]   AMD AuthenticAMD
[    0.000000]   Centaur CentaurHauls
[    0.000000] x86/fpu: xstate_offset[2]:  576, xstate_sizes[2]:  256
[    0.000000] x86/fpu: Supporting XSAVE feature 0x01: 'x87 floating point registers'
[    0.000000] x86/fpu: Supporting XSAVE feature 0x02: 'SSE registers'
[    0.000000] x86/fpu: Supporting XSAVE feature 0x04: 'AVX registers'
[    0.000000] x86/fpu: Enabled xstate features 0x7, context size is 832 bytes, using 'standard' format.
[    0.000000] e820: BIOS-provided physical RAM map:
[    0.000000] BIOS-e820: [mem 0x0000000000000000-0x000000000009fbff] usable
[    0.000000] BIOS-e820: [mem 0x000000000009fc00-0x000000000009ffff] reserved
[    0.000000] BIOS-e820: [mem 0x00000000000f0000-0x00000000000fffff] reserved
[    0.000000] BIOS-e820: [mem 0x0000000000100000-0x000000003ffeffff] usable
[    0.000000] BIOS-e820: [mem 0x000000003fff0000-0x000000003fffffff] ACPI data
[    0.000000] BIOS-e820: [mem 0x00000000fec00000-0x00000000fec00fff] reserved
[    0.000000] BIOS-e820: [mem 0x00000000fee00000-0x00000000fee00fff] reserved
[    0.000000] BIOS-e820: [mem 0x00000000fffc0000-0x00000000ffffffff] reserved
[    0.000000] NX (Execute Disable) protection: active
[    0.000000] SMBIOS 2.5 present.
[    0.000000] Hypervisor detected: KVM
[    0.000000] e820: last_pfn = 0x3fff0 max_arch_pfn = 0x400000000
[    0.000000] MTRR: Disabled
[    0.000000] x86/PAT: MTRRs disabled, skipping PAT initialization too.
[    0.000000] CPU MTRRs all blank - virtualized system.
[    0.000000] x86/PAT: Configuration [0-7]: WB  WT  UC- UC  WB  WT  UC- UC  
[    0.000000] found SMP MP-table at [mem 0x0009fff0-0x0009ffff] mapped at [ffff88000009fff0]
[    0.000000] Scanning 1 areas for low memory corruption
[    0.000000] RAMDISK: [mem 0x3630a000-0x3717cfff]
[    0.000000] ACPI: Early table checksum verification disabled
[    0.000000] ACPI: RSDP 0x00000000000E0000 000024 (v02 VBOX  )
[    0.000000] ACPI: XSDT 0x000000003FFF0030 00003C (v01 VBOX   VBOXXSDT 00000001 ASL  00000061)
[    0.000000] ACPI: FACP 0x000000003FFF00F0 0000F4 (v04 VBOX   VBOXFACP 00000001 ASL  00000061)
[    0.000000] ACPI: DSDT 0x000000003FFF0470 0022EA (v02 VBOX   VBOXBIOS 00000002 INTL 20100528)
[    0.000000] ACPI: FACS 0x000000003FFF0200 000040
[    0.000000] ACPI: FACS 0x000000003FFF0200 000040
[    0.000000] ACPI: APIC 0x000000003FFF0240 00005C (v02 VBOX   VBOXAPIC 00000001 ASL  00000061)
[    0.000000] ACPI: SSDT 0x000000003FFF02A0 0001CC (v01 VBOX   VBOXCPUT 00000002 INTL 20100528)
[    0.000000] No NUMA configuration found
[    0.000000] Faking a node at [mem 0x0000000000000000-0x000000003ffeffff]
[    0.000000] NODE_DATA(0) allocated [mem 0x3ffeb000-0x3ffeffff]
[    0.000000] kvm-clock: Using msrs 4b564d01 and 4b564d00
[    0.000000] kvm-clock: cpu 0, msr 0:3ffe3001, primary cpu clock
[    0.000000] kvm-clock: using sched offset of 3716357788 cycles
[    0.000000] clocksource: kvm-clock: mask: 0xffffffffffffffff max_cycles: 0x1cd42e4dffb, max_idle_ns: 881590591483 ns
[    0.000000] Zone ranges:
[    0.000000]   DMA      [mem 0x0000000000001000-0x0000000000ffffff]
[    0.000000]   DMA32    [mem 0x0000000001000000-0x000000003ffeffff]
[    0.000000]   Normal   empty
[    0.000000]   Device   empty
[    0.000000] Movable zone start for each node
[    0.000000] Early memory node ranges
[    0.000000]   node   0: [mem 0x0000000000001000-0x000000000009efff]
[    0.000000]   node   0: [mem 0x0000000000100000-0x000000003ffeffff]
[    0.000000] Initmem setup node 0 [mem 0x0000000000001000-0x000000003ffeffff]
[    0.000000] ACPI: PM-Timer IO Port: 0x4008
[    0.000000] IOAPIC[0]: apic_id 2, version 32, address 0xfec00000, GSI 0-23
[    0.000000] ACPI: INT_SRC_OVR (bus 0 bus_irq 0 global_irq 2 dfl dfl)
[    0.000000] ACPI: INT_SRC_OVR (bus 0 bus_irq 9 global_irq 9 low level)
[    0.000000] Using ACPI (MADT) for SMP configuration information
[    0.000000] smpboot: Allowing 2 CPUs, 0 hotplug CPUs
[    0.000000] PM: Registered nosave memory: [mem 0x00000000-0x00000fff]
[    0.000000] PM: Registered nosave memory: [mem 0x0009f000-0x0009ffff]
[    0.000000] PM: Registered nosave memory: [mem 0x000a0000-0x000effff]
[    0.000000] PM: Registered nosave memory: [mem 0x000f0000-0x000fffff]
[    0.000000] e820: [mem 0x40000000-0xfebfffff] available for PCI devices
[    0.000000] Booting paravirtualized kernel on KVM
[    0.000000] clocksource: refined-jiffies: mask: 0xffffffff max_cycles: 0xffffffff, max_idle_ns: 7645519600211568 ns
[    0.000000] setup_percpu: NR_CPUS:512 nr_cpumask_bits:512 nr_cpu_ids:2 nr_node_ids:1
[    0.000000] PERCPU: Embedded 34 pages/cpu @ffff88003fc00000 s99608 r8192 d31464 u1048576
[    0.000000] PV qspinlock hash table entries: 256 (order: 0, 4096 bytes)
[    0.000000] Built 1 zonelists in Node order, mobility grouping on.  Total pages: 257912
[    0.000000] Policy zone: DMA32
[    0.000000] Kernel command line: BOOT_IMAGE=/boot/vmlinuz-4.4.0-141-generic root=LABEL=cloudimg-rootfs ro console=tty1 console=ttyS0
[    0.000000] PID hash table entries: 4096 (order: 3, 32768 bytes)
[    0.000000] Memory: 997708K/1048120K available (8568K kernel code, 1314K rwdata, 4008K rodata, 1528K init, 1316K bss, 50412K reserved, 0K cma-reserved)
[    0.000000] SLUB: HWalign=64, Order=0-3, MinObjects=0, CPUs=2, Nodes=1
[    0.000000] Kernel/User page tables isolation: enabled
[    0.000000] Hierarchical RCU implementation.
[    0.000000] 	Build-time adjustment of leaf fanout to 64.
[    0.000000] 	RCU restricting CPUs from NR_CPUS=512 to nr_cpu_ids=2.
[    0.000000] RCU: Adjusting geometry for rcu_fanout_leaf=64, nr_cpu_ids=2
[    0.000000] NR_IRQS:33024 nr_irqs:440 16
[    0.000000] Console: colour VGA+ 80x25
[    0.000000] console [tty1] enabled
[    0.000000] console [ttyS0] enabled
[    0.000000] tsc: Detected 2303.998 MHz processor
[    0.169260] Calibrating delay loop (skipped) preset value.. 4607.99 BogoMIPS (lpj=9215992)
[    0.171395] pid_max: default: 32768 minimum: 301
[    0.172593] ACPI: Core revision 20150930
[    0.174349] ACPI: 2 ACPI AML tables successfully acquired and loaded
[    0.176053] Security Framework initialized
[    0.177185] Yama: becoming mindful.
[    0.178132] AppArmor: AppArmor initialized
[    0.179249] Dentry cache hash table entries: 131072 (order: 8, 1048576 bytes)
[    0.182435] Inode-cache hash table entries: 65536 (order: 7, 524288 bytes)
[    0.184601] Mount-cache hash table entries: 2048 (order: 2, 16384 bytes)
[    0.186198] Mountpoint-cache hash table entries: 2048 (order: 2, 16384 bytes)
[    0.188049] Initializing cgroup subsys io
[    0.189104] Initializing cgroup subsys memory
[    0.190224] Initializing cgroup subsys devices
[    0.191355] Initializing cgroup subsys freezer
[    0.192505] Initializing cgroup subsys net_cls
[    0.193636] Initializing cgroup subsys perf_event
[    0.194805] Initializing cgroup subsys net_prio
[    0.195978] Initializing cgroup subsys hugetlb
[    0.197193] Initializing cgroup subsys pids
[    0.199907] mce: CPU supports 0 MCE banks
[    0.200961] Last level iTLB entries: 4KB 64, 2MB 8, 4MB 8
[    0.202286] Last level dTLB entries: 4KB 64, 2MB 0, 4MB 0, 1GB 4
[    0.204219] Spectre V2 : Mitigation: Full generic retpoline
[    0.205600] Spectre V2 : Spectre v2 mitigation: Speculation control IBPB not-supported IBRS not-supported
[    0.207845] Spectre V2 : Spectre v2 / SpectreRSB mitigation: Filling RSB on context switch
[    0.210127] Speculative Store Bypass: Vulnerable
[    0.213730] Freeing SMP alternatives memory: 32K
[    0.222928] ftrace: allocating 32291 entries in 127 pages
[    0.274327] smpboot: APIC(0) Converting physical 0 to logical package 0
[    0.276391] smpboot: Max logical packages: 1
[    0.277814] x2apic enabled
[    0.278742] Switched APIC routing to physical x2apic.
[    0.280972] ..TIMER: vector=0x30 apic1=0 pin1=2 apic2=-1 pin2=-1
[    0.388212] smpboot: CPU0: Intel(R) Core(TM) i5-8259U CPU @ 2.30GHz (family: 0x6, model: 0x8e, stepping: 0xa)
[    0.391527] Performance Events: unsupported p6 CPU model 142 no PMU driver, software events only.
[    0.393891] KVM setup paravirtual spinlock
[    0.395531] x86: Booting SMP configuration:
[    0.397074] .... node  #0, CPUs:      #1
[    0.398193] kvm-clock: cpu 1, msr 0:3ffe3041, secondary cpu clock
[    0.401023] mce: CPU supports 0 MCE banks
[    0.403824] x86: Booted up 1 node, 2 CPUs
[    0.405269] smpboot: Total of 2 processors activated (9215.99 BogoMIPS)
[    0.407206] devtmpfs: initialized
[    0.409568] evm: security.selinux
[    0.410628] evm: security.SMACK64
[    0.411946] evm: security.SMACK64EXEC
[    0.412957] evm: security.SMACK64TRANSMUTE
[    0.414047] evm: security.SMACK64MMAP
[    0.415019] evm: security.ima
[    0.415843] evm: security.capability
[    0.417058] clocksource: jiffies: mask: 0xffffffff max_cycles: 0xffffffff, max_idle_ns: 7645041785100000 ns
[    0.419633] futex hash table entries: 512 (order: 3, 32768 bytes)
[    0.421660] pinctrl core: initialized pinctrl subsystem
[    0.423028] RTC time: 12:56:43, date: 03/25/19
[    0.424409] NET: Registered protocol family 16
[    0.440840] cpuidle: using governor ladder
[    0.452532] cpuidle: using governor menu
[    0.455075] PCCT header not found.
[    0.457031] ACPI: bus type PCI registered
[    0.458354] acpiphp: ACPI Hot Plug PCI Controller Driver version: 0.5
[    0.460659] PCI: Using configuration type 1 for base access
[    0.472705] ACPI: Added _OSI(Module Device)
[    0.474836] ACPI: Added _OSI(Processor Device)
[    0.476771] ACPI: Added _OSI(3.0 _SCP Extensions)
[    0.478630] ACPI: Added _OSI(Processor Aggregator Device)
[    0.481396] ACPI: Executed 1 blocks of module-level executable AML code
[    0.485555] ACPI: Interpreter enabled
[    0.486668] ACPI: (supports S0 S5)
[    0.487764] ACPI: Using IOAPIC for interrupt routing
[    0.489308] PCI: Using host bridge windows from ACPI; if necessary, use "pci=nocrs" and report a bug
[    0.495588] ACPI: PCI Root Bridge [PCI0] (domain 0000 [bus 00-ff])
[    0.497546] acpi PNP0A03:00: _OSC: OS supports [ASPM ClockPM Segments MSI]
[    0.499419] acpi PNP0A03:00: _OSC: not requesting OS control; OS requires [ExtendedConfig ASPM ClockPM MSI]
[    0.501865] acpi PNP0A03:00: fail to add MMCONFIG information, can't access extended PCI configuration space under this bridge.
[    0.505310] PCI host bridge to bus 0000:00
[    0.506768] pci_bus 0000:00: root bus resource [io  0x0000-0x0cf7 window]
[    0.508882] pci_bus 0000:00: root bus resource [io  0x0d00-0xffff window]
[    0.510476] pci_bus 0000:00: root bus resource [mem 0x000a0000-0x000bffff window]
[    0.512416] pci_bus 0000:00: root bus resource [mem 0x40000000-0xfdffffff window]
[    0.514314] pci_bus 0000:00: root bus resource [bus 00-ff]
[    0.518779] pci 0000:00:01.1: legacy IDE quirk: reg 0x10: [io  0x01f0-0x01f7]
[    0.521019] pci 0000:00:01.1: legacy IDE quirk: reg 0x14: [io  0x03f6]
[    0.522599] pci 0000:00:01.1: legacy IDE quirk: reg 0x18: [io  0x0170-0x0177]
[    0.524314] pci 0000:00:01.1: legacy IDE quirk: reg 0x1c: [io  0x0376]
[    0.547548] pci 0000:00:07.0: quirk: [io  0x4000-0x403f] claimed by PIIX4 ACPI
[    0.549415] pci 0000:00:07.0: quirk: [io  0x4100-0x410f] claimed by PIIX4 SMB
[    0.556113] ACPI: PCI Interrupt Link [LNKA] (IRQs 5 9 10 *11)
[    0.558354] ACPI: PCI Interrupt Link [LNKB] (IRQs 5 9 *10 11)
[    0.560566] ACPI: PCI Interrupt Link [LNKC] (IRQs 5 *9 10 11)
[    0.562580] ACPI: PCI Interrupt Link [LNKD] (IRQs 5 9 10 *11)
[    0.564918] ACPI: Enabled 2 GPEs in block 00 to 07
[    0.566679] vgaarb: setting as boot device: PCI:0000:00:02.0
[    0.568150] vgaarb: device added: PCI:0000:00:02.0,decodes=io+mem,owns=io+mem,locks=none
[    0.570221] vgaarb: loaded
[    0.571040] vgaarb: bridge control possible 0000:00:02.0
[    0.572577] SCSI subsystem initialized
[    0.573674] ACPI: bus type USB registered
[    0.574734] usbcore: registered new interface driver usbfs
[    0.576219] usbcore: registered new interface driver hub
[    0.577583] usbcore: registered new device driver usb
[    0.580423] PCI: Using ACPI for IRQ routing
[    0.581891] NetLabel: Initializing
[    0.582924] NetLabel:  domain hash size = 128
[    0.584214] NetLabel:  protocols = UNLABELED CIPSOv4
[    0.585478] NetLabel:  unlabeled traffic allowed by default
[    0.586974] amd_nb: Cannot enumerate AMD northbridges
[    0.588305] clocksource: Switched to clocksource kvm-clock
[    0.596973] AppArmor: AppArmor Filesystem Enabled
[    0.598760] pnp: PnP ACPI init
[    0.600841] pnp: PnP ACPI: found 3 devices
[    0.610797] clocksource: acpi_pm: mask: 0xffffff max_cycles: 0xffffff, max_idle_ns: 2085701024 ns
[    0.613099] NET: Registered protocol family 2
[    0.614694] TCP established hash table entries: 8192 (order: 4, 65536 bytes)
[    0.616331] TCP bind hash table entries: 8192 (order: 5, 131072 bytes)
[    0.618032] TCP: Hash tables configured (established 8192 bind 8192)
[    0.619805] UDP hash table entries: 512 (order: 2, 16384 bytes)
[    0.621554] UDP-Lite hash table entries: 512 (order: 2, 16384 bytes)
[    0.623086] NET: Registered protocol family 1
[    0.624193] pci 0000:00:00.0: Limiting direct PCI/PCI transfers
[    0.625676] pci 0000:00:01.0: Activating ISA DMA hang workarounds
[    0.627369] Unpacking initramfs...
[    0.822915] Freeing initrd memory: 14796K
[    0.824679] platform rtc_cmos: registered platform RTC device (no PNP device found)
[    0.827911] Scanning for low memory corruption every 60 seconds
[    0.829719] audit: initializing netlink subsys (disabled)
[    0.831083] audit: type=2000 audit(1553518608.238:1): initialized
[    0.832914] Initialise system trusted keyring
[    0.834296] HugeTLB registered 2 MB page size, pre-allocated 0 pages
[    0.836911] zbud: loaded
[    0.838048] VFS: Disk quotas dquot_6.6.0
[    0.839125] VFS: Dquot-cache hash table entries: 512 (order 0, 4096 bytes)
[    0.841066] squashfs: version 4.0 (2009/01/31) Phillip Lougher
[    0.842778] fuse init (API version 7.23)
[    0.843963] Key type big_key registered
[    0.845041] Allocating IMA MOK and blacklist keyrings.
[    0.847233] Key type asymmetric registered
[    0.848693] Asymmetric key parser 'x509' registered
[    0.850597] Block layer SCSI generic (bsg) driver version 0.4 loaded (major 249)
[    0.852684] io scheduler noop registered
[    0.853776] io scheduler deadline registered (default)
[    0.855060] io scheduler cfq registered
[    0.856133] pci_hotplug: PCI Hot Plug PCI Core version: 0.5
[    0.857731] pciehp: PCI Express Hot Plug Controller Driver version: 0.4
[    0.859699] ACPI: AC Adapter [AC] (off-line)
[    0.861212] input: Power Button as /devices/LNXSYSTM:00/LNXPWRBN:00/input/input0
[    0.863090] ACPI: Power Button [PWRF]
[    0.864119] input: Sleep Button as /devices/LNXSYSTM:00/LNXSLPBN:00/input/input1
[    0.866011] ACPI: Sleep Button [SLPF]
[    0.867223] GHES: HEST is not enabled!
[    0.869216] ACPI: Battery Slot [BAT0] (battery present)
[    0.871023] Serial: 8250/16550 driver, 32 ports, IRQ sharing enabled
 	
 !"#$%&'()*+,-./0123456789:;<=>?@ABCDEFGHIJKLMNOPQRSTUVWXYZ[\]^_`abcdefghijklmnopqrstuvwxyz{|}~ÄÅÇÉÑÖÜáàâäãåçéèêëíìîïñóòôöõúùûü†°¢£§•¶ß®©™´¨≠ÆØ∞±≤≥¥µ∂∑∏π∫ªºΩæø¿¡¬√ƒ≈∆«»… ÀÃÕŒœ–—“”‘’÷◊ÿŸ⁄€‹›ﬁﬂ‡·‚„‰ÂÊÁËÈÍÎÏÌÓÔÒÚÛÙıˆ˜¯˘˙˚¸˝˛ˇ[    0.895828] 00:02: ttyS0 at I/O 0x3f8 (irq = 4, base_baud = 115200) is a 16550A
[    0.902042] Linux agpgart interface v0.103
[    0.904593] loop: module loaded
[    0.905948] scsi host0: ata_piix
[    0.907432] scsi host1: ata_piix
[    0.908319] ata1: PATA max UDMA/33 cmd 0x1f0 ctl 0x3f6 bmdma 0xd000 irq 14
[    0.909961] ata2: PATA max UDMA/33 cmd 0x170 ctl 0x376 bmdma 0xd008 irq 15
[    0.911656] libphy: Fixed MDIO Bus: probed
[    0.913034] tun: Universal TUN/TAP device driver, 1.6
[    0.914260] tun: (C) 1999-2004 Max Krasnyansky <maxk@qualcomm.com>
[    0.915831] PPP generic driver version 2.4.2
[    0.917152] ehci_hcd: USB 2.0 'Enhanced' Host Controller (EHCI) Driver
[    0.918727] ehci-pci: EHCI PCI platform driver
[    0.920303] ehci-platform: EHCI generic platform driver
[    0.922029] ohci_hcd: USB 1.1 'Open' Host Controller (OHCI) Driver
[    0.923806] ohci-pci: OHCI PCI platform driver
[    0.924987] ohci-platform: OHCI generic platform driver
[    0.926276] uhci_hcd: USB Universal Host Controller Interface driver
[    0.927856] i8042: PNP: PS/2 Controller [PNP0303:PS2K,PNP0f03:PS2M] at 0x60,0x64 irq 1,12
[    0.930525] serio: i8042 KBD port at 0x60,0x64 irq 1
[    0.932082] serio: i8042 AUX port at 0x60,0x64 irq 12
[    0.933837] mousedev: PS/2 mouse device common for all mice
[    0.936026] rtc_cmos rtc_cmos: rtc core: registered rtc_cmos as rtc0
[    0.937833] input: AT Translated Set 2 keyboard as /devices/platform/i8042/serio0/input/input2
[    0.940325] rtc_cmos rtc_cmos: alarms up to one day, 114 bytes nvram
[    0.941900] i2c /dev entries driver
[    0.943263] device-mapper: uevent: version 1.0.3
[    0.945016] device-mapper: ioctl: 4.34.0-ioctl (2015-10-28) initialised: dm-devel@redhat.com
[    0.947637] ledtrig-cpu: registered to indicate activity on CPUs
[    0.949601] NET: Registered protocol family 10
[    0.950895] NET: Registered protocol family 17
[    0.952027] Key type dns_resolver registered
[    0.953567] registered taskstats version 1
[    0.954641] Loading compiled-in X.509 certificates
[    0.956291] Loaded X.509 cert 'Build time autogenerated kernel key: 7c9fb337b82e5a343493fe891c556beae1895c7c'
[    0.958809] zswap: loaded using pool lzo/zbud
[    0.962269] Key type trusted registered
[    0.966448] Key type encrypted registered
[    0.968098] AppArmor: AppArmor sha1 policy hashing enabled
[    0.969471] ima: No TPM chip found, activating TPM-bypass!
[    0.970799] ima: Allocated hash algorithm: sha1
[    0.971938] evm: HMAC attrs: 0x1
[    0.973283]   Magic number: 11:24:937
[    0.974262] misc lightnvm: hash matches
[    0.975266] acpi PNP0103:00: hash matches
[    0.976409] rtc_cmos rtc_cmos: setting system clock to 2019-03-25 12:56:43 UTC (1553518603)
[    0.978670] BIOS EDD facility v0.16 2004-Jun-25, 0 devices found
[    0.980251] EDD information not available.
[    1.076318] Freeing unused kernel memory: 1528K
[    1.078188] Write protecting the kernel read-only data: 14336k
[    1.080310] Freeing unused kernel memory: 1660K
[    1.081831] Freeing unused kernel memory: 88K
Loading, please wait...
starting version 229
[    1.095419] random: systemd-udevd: uninitialized urandom read (16 bytes read, 3 bits of entropy available)
[    1.095923] random: udevadm: uninitialized urandom read (16 bytes read, 3 bits of entropy available)
[    1.095938] random: udevadm: uninitialized urandom read (16 bytes read, 3 bits of entropy available)
[    1.102054] random: udevadm: uninitialized urandom read (16 bytes read, 3 bits of entropy available)
[    1.102089] random: udevadm: uninitialized urandom read (16 bytes read, 3 bits of entropy available)
[    1.102192] random: udevadm: uninitialized urandom read (16 bytes read, 3 bits of entropy available)
[    1.102229] random: udevadm: uninitialized urandom read (16 bytes read, 3 bits of entropy available)
[    1.102266] random: udevadm: uninitialized urandom read (16 bytes read, 3 bits of entropy available)
[    1.102303] random: udevadm: uninitialized urandom read (16 bytes read, 3 bits of entropy available)
[    1.102336] random: udevadm: uninitialized urandom read (16 bytes read, 3 bits of entropy available)
[    1.142336] Fusion MPT base driver 3.04.20
[    1.143910] Copyright (c) 1999-2008 LSI Corporation
[    1.149445] e1000: Intel(R) PRO/1000 Network Driver - version 7.3.21-k8-NAPI
[    1.151642] e1000: Copyright (c) 1999-2006 Intel Corporation.
[    1.160191] Fusion MPT SPI Host driver 3.04.20
[    1.166390] AVX2 version of gcm_enc/dec engaged.
[    1.168580] AES CTR mode by8 optimization enabled
[    1.374850] input: ImExPS/2 Generic Explorer Mouse as /devices/platform/i8042/serio1/input/input4
[    1.567761] e1000 0000:00:03.0 eth0: (PCI:33MHz:32-bit) 02:90:05:96:38:68
[    1.569956] e1000 0000:00:03.0 eth0: Intel(R) PRO/1000 Network Connection
[    1.572337] mptbase: ioc0: Initiating bringup
[    1.572586] e1000 0000:00:03.0 enp0s3: renamed from eth0
[    1.644937] ioc0: LSI53C1030 A0: Capabilities={Initiator}
[    1.808944] scsi host2: ioc0: LSI53C1030 A0, FwRev=00000000h, Ports=1, MaxQ=256, IRQ=20
[    1.824774] tsc: Refined TSC clocksource calibration: 2304.561 MHz
[    1.828047] clocksource: tsc: mask: 0xffffffffffffffff max_cycles: 0x213809da5d9, max_idle_ns: 440795269545 ns
[    1.925565] scsi 2:0:0:0: Direct-Access     VBOX     HARDDISK         1.0  PQ: 0 ANSI: 5
[    1.929358] scsi target2:0:0: Beginning Domain Validation
[    1.934104] scsi target2:0:0: Domain Validation skipping write tests
[    1.936136] scsi target2:0:0: Ending Domain Validation
[    1.938041] scsi target2:0:0: asynchronous
[    1.939772] scsi 2:0:1:0: Direct-Access     VBOX     HARDDISK         1.0  PQ: 0 ANSI: 5
[    1.942182] scsi target2:0:1: Beginning Domain Validation
[    1.953418] scsi target2:0:1: Domain Validation skipping write tests
[    1.955404] scsi target2:0:1: Ending Domain Validation
[    1.956734] scsi target2:0:1: asynchronous
[    1.964016] sd 2:0:0:0: Attached scsi generic sg0 type 0
[    1.965655] sd 2:0:0:0: [sda] 20971520 512-byte logical blocks: (10.7 GB/10.0 GiB)
[    1.968069] sd 2:0:1:0: [sdb] 20480 512-byte logical blocks: (10.5 MB/10.0 MiB)
[    1.970248] sd 2:0:1:0: Attached scsi generic sg1 type 0
[    1.971653] sd 2:0:0:0: [sda] Write Protect is off
[    1.971912] sd 2:0:1:0: [sdb] Write Protect is off
[    1.972234] sd 2:0:1:0: [sdb] Incomplete mode parameter data
[    1.972235] sd 2:0:1:0: [sdb] Assuming drive cache: write through
[    1.976220] sd 2:0:1:0: [sdb] Attached SCSI disk
[    1.979818] sd 2:0:0:0: [sda] Incomplete mode parameter data
[    1.981266] sd 2:0:0:0: [sda] Assuming drive cache: write through
[    1.984415]  sda: sda1
[    1.985744] sd 2:0:0:0: [sda] Attached SCSI disk
Begin: Loading essential drivers ... [    3.318968] md: linear personality registered for level -1
[    3.323103] md: multipath personality registered for level -4
[    3.326907] md: raid0 personality registered for level 0
[    3.330732] md: raid1 personality registered for level 1
[    3.400377] raid6: sse2x1   gen() 12867 MB/s
[    3.468611] raid6: sse2x1   xor()  9662 MB/s
[    3.536907] raid6: sse2x2   gen() 15953 MB/s
[    3.604543] raid6: sse2x2   xor() 10954 MB/s
[    3.672556] raid6: sse2x4   gen() 18076 MB/s
[    3.740456] raid6: sse2x4   xor() 12052 MB/s
[    3.808946] raid6: avx2x1   gen() 25784 MB/s
[    3.876360] raid6: avx2x2   gen() 26608 MB/s
[    3.948536] raid6: avx2x4   gen() 31308 MB/s
[    3.949675] raid6: using algorithm avx2x4 gen() 31308 MB/s
[    3.951644] raid6: using avx2x2 recovery algorithm
[    3.954173] xor: automatically using best checksumming function:
[    3.997101]    avx       : 31905.000 MB/sec
[    4.000043] async_tx: api initialized (async)
[    4.006564] md: raid6 personality registered for level 6
[    4.008859] md: raid5 personality registered for level 5
[    4.010423] md: raid4 personality registered for level 4
[    4.016067] md: raid10 personality registered for level 10
done.
Begin: Running /scripts/init-premount ... done.
Begin: Mounting root file system ... Begin: Running /scripts/local-top ... done.
Begin: Running /scripts/local-premount ... [    4.043176] Btrfs loaded
Scanning for Btrfs filesystems
done.
Warning: fsck not present, so skipping root file system
[    4.073593] EXT4-fs (sda1): INFO: recovery required on readonly filesystem
[    4.075341] EXT4-fs (sda1): write access will be enabled during recovery
[    4.141918] EXT4-fs (sda1): recovery complete
[    4.143273] EXT4-fs (sda1): mounted filesystem with ordered data mode. Opts: (null)
done.
Begin: Running /scripts/local-bottom ... done.
Begin: Running /scripts/init-bottom ... done.
[    4.238533] systemd[1]: systemd 229 running in system mode. (+PAM +AUDIT +SELINUX +IMA +APPARMOR +SMACK +SYSVINIT +UTMP +LIBCRYPTSETUP +GCRYPT +GNUTLS +ACL +XZ -LZ4 +SECCOMP +BLKID +ELFUTILS +KMOD -IDN)
[    4.243215] systemd[1]: Detected virtualization oracle.
[    4.244569] systemd[1]: Detected architecture x86-64.

Welcome to [1mUbuntu 16.04.5 LTS[0m!

[    4.249884] systemd[1]: Set hostname to <ubuntu-xenial>.
[    4.396655] systemd[1]: Listening on LVM2 poll daemon socket.
[[0;32m  OK  [0m] Listening on LVM2 poll daemon socket.
[    4.399758] systemd[1]: Created slice System Slice.
[[0;32m  OK  [0m] Created slice System Slice.
[    4.408991] systemd[1]: Listening on Journal Socket (/dev/log).
[[0;32m  OK  [0m] Listening on Journal Socket (/dev/log).
[    4.412815] systemd[1]: Started Trigger resolvconf update for networkd DNS.
[[0;32m  OK  [0m] Started Trigger resolvconf update for networkd DNS.
[    4.417061] systemd[1]: Listening on Journal Socket.
[[0;32m  OK  [0m] Listening on Journal Socket.
[    4.436700] systemd[1]: Starting Nameserver information manager...
         Starting Nameserver information manager...
[    4.444857] systemd[1]: Starting Load Kernel Modules...
         Starting Load Kernel Modules...
[    4.448440] systemd[1]: Mounting POSIX Message Queue File System...
         Mounting POSIX Message Queue File System...
[    4.452284] systemd[1]: Starting Uncomplicated firewall...
         Starting Uncomplicated firewall...
[    4.455187] systemd[1]: Listening on udev Control Socket.
[[0;32m  OK  [0m] Listening on udev Control Socket.
[    4.458290] systemd[1]: Reached target User and Group Name Lookups.
[    4.460002] Loading iSCSI transport class v2.0-870.
[[0;32m  OK  [0m] Reached target User and Group Name Lookups.
[    4.462204] systemd[1]: Listening on /dev/initctl Compatibility Named Pipe.
[[0;32m  OK  [0m] Listening on /dev/initctl Compatibility Named Pipe.
[    4.468017] iscsi: registered transport (tcp)
[    4.472634] systemd[1]: Listening on Device-mapper event daemon FIFOs.
[[0;32m  OK  [0m] Listening on Device-mapper event daemon FIFOs.
[    4.475745] systemd[1]: Listening on Syslog Socket.
[[0;32m  OK  [0m] Listening on Syslog Socket.
[    4.488495] iscsi: registered transport (iser)
[    4.492777] systemd[1]: Mounting Huge Pages File System...
         Mounting Huge Pages File System...
[    4.496371] systemd[1]: Created slice system-serial\x2dgetty.slice.
[[0;32m  OK  [0m] Created slice system-serial\x2dgetty.slice.
[    4.499729] systemd[1]: Listening on LVM2 metadata daemon socket.
[[0;32m  OK  [0m] Listening on LVM2 metadata daemon socket.
[    4.503327] systemd[1]: Starting Monitoring of LVM2 mirrors, snapshots etc. using dmeventd or progress polling...
         Starting Monitoring of LVM2 mirrors... dmeventd or progress polling...
[    4.508476] systemd[1]: Reached target System Time Synchronized.
[[0;32m  OK  [0m] Reached target System Time Synchronized.
[    4.514168] systemd[1]: Mounting Debug File System...
         Mounting Debug File System...
[    4.517256] systemd[1]: Starting Create list of required static device nodes for the current kernel...
         Starting Create list of required st... nodes for the current kernel...
[    4.522059] systemd[1]: Reached target Encrypted Volumes.
[[0;32m  OK  [0m] Reached target Encrypted Volumes.
[    4.533339] systemd[1]: Listening on udev Kernel Socket.
[[0;32m  OK  [0m] Listening on udev Kernel Socket.
[    4.557254] systemd[1]: Starting Set console keymap...
         Starting Set console keymap...
[    4.563584] systemd[1]: Created slice User and Session Slice.
[[0;32m  OK  [0m] Created slice User and Session Slice.
[    4.569224] systemd[1]: Reached target Slices.
[[0;32m  OK  [0m] Reached target Slices.
[    4.572925] systemd[1]: Starting Remount Root and Kernel File Systems...
         Starting Remount Root and Kernel File Systems...
[    4.576130] systemd[1]: Reached target Swap.
[    4.577458] EXT4-fs (sda1): re-mounted. Opts: (null)
[[0;32m  OK  [0m] Reached target Swap.
[    4.579486] systemd[1]: Started Forward Password Requests to Wall Directory Watch.
[[0;32m  OK  [0m] Started Forward Password Requests to Wall Directory Watch.
[    4.583145] systemd[1]: Set up automount Arbitrary Executable File Formats File System Automount Point.
[[0;32m  OK  [0m] Set up automount Arbitrary Executab...ats File System Automount Point.
[    4.588607] systemd[1]: Listening on Journal Audit Socket.
[[0;32m  OK  [0m] Listening on Journal Audit Socket.
[    4.592168] systemd[1]: Starting Journal Service...
         Starting Journal Service...
[    4.596584] systemd[1]: Mounted POSIX Message Queue File System.
[[0;32m  OK  [0m] Mounted POSIX Message Queue File System.
[    4.600789] systemd[1]: Mounted Debug File System.
[[0;32m  OK  [0m] Mounted Debug File System.
[    4.605295] systemd[1]: Mounted Huge Pages File System.
[[0;32m  OK  [0m] Mounted Huge Pages File System.
[    4.626394] systemd[1]: Started Load Kernel Modules.
[[0;32m  OK  [0m] Started Load Kernel Modules.
[    4.637386] systemd[1]: Started Uncomplicated firewall.
[[0;32m  OK  [0m] Started Uncomplicated firewall.
[    4.649750] systemd[1]: Started Create list of required static device nodes for the current kernel.
[[0;32m  OK  [0m] Started Create list of required sta...ce nodes for the current kernel.
[    4.656759] systemd[1]: Started Set console keymap.
[[0;32m  OK  [0m] Started Set console keymap.
[    4.660131] systemd[1]: Started Remount Root and Kernel File Systems.
[[0;32m  OK  [0m] Started Remount Root and Kernel File Systems.
[    4.681486] systemd[1]: Started Nameserver information manager.
[[0;32m  OK  [0m] Started Nameserver information manager.
[    4.694045] systemd[1]: Started Journal Service.
[[0;32m  OK  [0m] Started Journal Service.
[[0;32m  OK  [0m] Started LVM2 metadata daemon.
         Starting Load/Save Random Seed...
         Starting Flush Journal to Persistent Storage...
         Starting udev Coldplug all Devices...
         Starting Create Static Device Nodes in /dev...
         Starting Apply Kernel Variables...
         Mounting FUSE Control File System...
[[0;32m  OK  [0m] Started Load/Save Random Seed.
[[0;32m  OK  [0m] Mounted FUSE Control File System.
[    4.752814] random: nonblocking pool is initialized
[[0;32m  OK  [0m] Started Apply Kernel Variables.
[[0;32m  OK  [0m] Started Create Static Device Nodes in /dev.
[[0;32m  OK  [0m] Started Flush Journal to Persistent Storage.
[[0;32m  OK  [0m] Started udev Coldplug all Devices.
         Starting udev Kernel Device Manager...
[[0;32m  OK  [0m] Started udev Kernel Device Manager.
         Starting LSB: QEMU KVM module loading script...
[[0;32m  OK  [0m] Started Dispatch Password Requests to Console Directory Watch.
[[0;32m  OK  [0m] Started LSB: QEMU KVM module loading script.
[[0;32m  OK  [0m] Started Monitoring of LVM2 mirrors,...ng dmeventd or progress polling.
[[0;32m  OK  [0m] Reached target Local File Systems (Pre).
[[0;32m  OK  [0m] Reached target Local File Systems.
         Starting Tell Plymouth To Write Out Runtime Data...
         Starting Set console font and keymap...
         Starting Create Volatile Files and Directories...
         Starting LSB: AppArmor initialization...
         Starting Initial cloud-init job (pre-networking)...
         Starting Enable support for additional executable binary formats...
[[0;32m  OK  [0m] Started Tell Plymouth To Write Out Runtime Data.
[[0;32m  OK  [0m] Started Create Volatile Files and Directories.
[[0;32m  OK  [0m] Found device /dev/ttyS0.
         Mounting Arbitrary Executable File Formats File System...
         Starting Update UTMP about System Boot/Shutdown...
[[0;32m  OK  [0m] Mounted Arbitrary Executable File Formats File System.
[[0;32m  OK  [0m] Started Update UTMP about System Boot/Shutdown.
[[0;32m  OK  [0m] Started Enable support for additional executable binary formats.
[[0;32m  OK  [0m] Listening on Load/Save RF Kill Switch Status /dev/rfkill Watch.
[[0;32m  OK  [0m] Started LSB: AppArmor initialization.
[[0;32m  OK  [0m] Found device 82540EM Gigabit Ethern...r (PRO/1000 MT Desktop Adapter).
[    5.493285] cloud-init[523]: Cloud-init v. 18.4-0ubuntu1~16.04.2 running 'init-local' at Mon, 25 Mar 2019 12:56:48 +0000. Up 5.27 seconds.
[[0;32m  OK  [0m] Started Set console font and keymap.
[[0;32m  OK  [0m] Started Initial cloud-init job (pre-networking).
[[0;32m  OK  [0m] Reached target Network (Pre).
[[0;32m  OK  [0m] Started ifup for enp0s3.
         Starting Raise network interfaces...
[[0;32m  OK  [0m] Created slice system-getty.slice.
[[0;32m  OK  [0m] Started Raise network interfaces.
[[0;32m  OK  [0m] Reached target Network.
         Starting Initial cloud-init job (metadata service crawler)...
[    6.153962] cloud-init[981]: Cloud-init v. 18.4-0ubuntu1~16.04.2 running 'init' at Mon, 25 Mar 2019 12:56:48 +0000. Up 5.94 seconds.
[    6.156267] cloud-init[981]: ci-info: +++++++++++++++++++++++++++++++++++++Net device info++++++++++++++++++++++++++++++++++++++
[    6.158788] cloud-init[981]: ci-info: +--------+------+---------------------------+---------------+--------+-------------------+
[    6.161308] cloud-init[981]: ci-info: | Device |  Up  |          Address          |      Mask     | Scope  |     Hw-Address    |
[    6.163882] cloud-init[981]: ci-info: +--------+------+---------------------------+---------------+--------+-------------------+
[    6.166513] cloud-init[981]: ci-info: | enp0s3 | True |         10.0.2.15         | 255.255.255.0 | global | 02:90:05:96:38:68 |
[    6.169235] cloud-init[981]: ci-info: | enp0s3 | True | fe80::90:5ff:fe96:3868/64 |       .       |  link  | 02:90:05:96:38:68 |
[    6.171999] cloud-init[981]: ci-info: |   lo   | True |         127.0.0.1         |   255.0.0.0   |  host  |         .         |
[    6.174371] cloud-init[981]: ci-info: |   lo   | True |          ::1/128          |       .       |  host  |         .         |
[    6.176954] cloud-init[981]: ci-info: +--------+------+---------------------------+---------------+--------+-------------------+
[    6.179520] cloud-init[981]: ci-info: +++++++++++++++++++++++++++Route IPv4 info++++++++++++++++++++++++++++
[    6.181740] cloud-init[981]: ci-info: +-------+-------------+----------+---------------+-----------+-------+
[    6.183930] cloud-init[981]: ci-info: | Route | Destination | Gateway  |    Genmask    | Interface | Flags |
[    6.186140] cloud-init[981]: ci-info: +-------+-------------+----------+---------------+-----------+-------+
[    6.188406] cloud-init[981]: ci-info: |   0   |   0.0.0.0   | 10.0.2.2 |    0.0.0.0    |   enp0s3  |   UG  |
[    6.190569] cloud-init[981]: ci-info: |   1   |   10.0.2.0  | 0.0.0.0  | 255.255.255.0 |   enp0s3  |   U   |
[    6.192729] cloud-init[981]: ci-info: +-------+-------------+----------+---------------+-----------+-------+
[    6.194890] cloud-init[981]: ci-info: +++++++++++++++++++Route IPv6 info+++++++++++++++++++
[    6.196806] cloud-init[981]: ci-info: +-------+-------------+---------+-----------+-------+
[    6.198702] cloud-init[981]: ci-info: | Route | Destination | Gateway | Interface | Flags |
[    6.208840] cloud-init[981]: ci-info: +-------+-------------+---------+-----------+-------+
[    6.210391] cloud-init[981]: ci-info: |   0   |  fe80::/64  |    ::   |   enp0s3  |   U   |
[    6.211916] cloud-init[981]: ci-info: |   3   |   ff00::/8  |    ::   |   enp0s3  |   U   |
[    6.214080] cloud-init[981]: ci-info: +-------+-------------+---------+-----------+-------+
[[0;32m  OK  [0m] Started Initial cloud-init job (metadata service crawler).
[[0;32m  OK  [0m] Reached target Cloud-config availability.
[[0;32m  OK  [0m] Reached target Network is Online.
         Starting iSCSI initiator daemon (iscsid)...
[[0;32m  OK  [0m] Reached target System Initialization.
[[0;32m  OK  [0m] Listening on ACPID Listen Socket.
[[0;32m  OK  [0m] Started Daily apt download activities.
[[0;32m  OK  [0m] Started Daily apt upgrade and clean activities.
[[0;32m  OK  [0m] Started Daily Cleanup of Temporary Directories.
         Starting Socket activation for snappy daemon.
[[0;32m  OK  [0m] Listening on D-Bus System Message Bus Socket.
         Starting LXD - unix socket.
[[0;32m  OK  [0m] Started ACPI Events Check.
[[0;32m  OK  [0m] Reached target Paths.
[[0;32m  OK  [0m] Reached target Timers.
[[0;32m  OK  [0m] Listening on UUID daemon activation socket.
[[0;32m  OK  [0m] Listening on Socket activation for snappy daemon.
[[0;32m  OK  [0m] Listening on LXD - unix socket.
[[0;32m  OK  [0m] Started iSCSI initiator daemon (iscsid).
         Starting Login to default iSCSI targets...
[[0;32m  OK  [0m] Reached target Sockets.
[[0;32m  OK  [0m] Reached target Basic System.
         Starting System Logging Service...
[[0;32m  OK  [0m] Started ACPI event daemon.
[[0;32m  OK  [0m] Started FUSE filesystem for LXC.
         Starting Virtualbox guest utils...
         Starting OpenBSD Secure Shell server...
         Starting Login Service...
         Starting LSB: MD monitoring daemon...
[[0;32m  OK  [0m] Started Unattended Upgrades Shutdown.
         Starting LXD - container startup/shutdown...
         Starting LSB: Record successful boot for GRUB...
[[0;32m  OK  [0m] Started D-Bus System Message Bus.
[[0;32m  OK  [0m] Started Deferred execution scheduler.
         Starting Accounts Service...
[[0;32m  OK  [0m] Started Regular background program processing daemon.
         Starting /etc/rc.local Compatibility...
         Starting Snappy daemon...
[[0;32m  OK  [0m] Started System Logging Service.
[[0;32m  OK  [0m] Started /etc/rc.local Compatibility.
[[0;32m  OK  [0m] Started OpenBSD Secure Shell server.
[[0;32m  OK  [0m] Started Login to default iSCSI targets.
[[0;32m  OK  [0m] Started LSB: Record successful boot for GRUB.
[[0;32m  OK  [0m] Started LSB: MD monitoring daemon.
[[0;32m  OK  [0m] Started LXD - container startup/shutdown.
[[0;32m  OK  [0m] Started Login Service.
         Starting Authenticate and Authorize Users to Run Privileged Tasks...
[[0;32m  OK  [0m] Reached target Remote File Systems (Pre).
[[0;32m  OK  [0m] Reached target Remote File Systems.
         Starting LSB: daemon to balance interrupts for SMP systems...
         Starting LSB: Set the CPU Frequency Scaling governor to "ondemand"...
         Starting Permit User Sessions...
         Starting LSB: automatic crash report generation...
[[0;32m  OK  [0m] Started Permit User Sessions.
         Starting Hold until boot process finishes up...
         Starting Terminate Plymouth Boot Screen...
[[0;32m  OK  [0m] Started LSB: Set the CPU Frequency Scaling governor to "ondemand".
[[0;32m  OK  [0m] Started Hold until boot process finishes up.
[[0;32m  OK  [0m] Started Authenticate and Authorize Users to Run Privileged Tasks.
         Starting Set console scheme...
[[0;32m  OK  [0m] Started Getty on tty1.
[[0;32m  OK  [0m] Started Serial Getty on ttyS0.
[[0;32m  OK  [0m] Reached target Login Prompts.
[[0;32m  OK  [0m] Started LSB: daemon to balance interrupts for SMP systems.
[[0;32m  OK  [0m] Started Terminate Plymouth Boot Screen.
[[0;32m  OK  [0m] Started Set console scheme.
[[0;32m  OK  [0m] Started Virtualbox guest utils.
[[0;32m  OK  [0m] Started Accounts Service.
[[0;32m  OK  [0m] Started LSB: automatic crash report generation.
[[0;32m  OK  [0m] Started Snappy daemon.
         Starting Wait until snapd is fully seeded...
[[0;32m  OK  [0m] Started Wait until snapd is fully seeded.
[[0;32m  OK  [0m] Reached target Multi-User System.
[[0;32m  OK  [0m] Reached target Graphical Interface.
         Starting Update UTMP about System Runlevel Changes...
         Starting Apply the settings specified in cloud-config...
[[0;32m  OK  [0m] Started Update UTMP about System Runlevel Changes.
[    7.093580] cloud-init[1218]: Cloud-init v. 18.4-0ubuntu1~16.04.2 running 'modules:config' at Mon, 25 Mar 2019 12:56:49 +0000. Up 7.02 seconds.
[[0;32m  OK  [0m] Started Apply the settings specified in cloud-config.
         Starting Execute cloud user/final scripts...
[    7.420247] cloud-init[1228]: Cloud-init v. 18.4-0ubuntu1~16.04.2 running 'modules:final' at Mon, 25 Mar 2019 12:56:50 +0000. Up 7.34 seconds.
[    7.428426] cloud-init[1228]: Cloud-init v. 18.4-0ubuntu1~16.04.2 finished at Mon, 25 Mar 2019 12:56:50 +0000. Datasource DataSourceNoCloud [seed=/dev/sdb][dsmode=net].  Up 7.41 seconds
[[0;32m  OK  [0m] Started Execute cloud user/final scripts.
[[0;32m  OK  [0m] Reached target Cloud-init target.

Ubuntu 16.04.5 LTS ubuntu-xenial ttyS0

ubuntu-xenial login: [[0;32m  OK  [0m] Stopped target Graphical Interface.
         Stopping Authenticate and Authorize Users to Run Privileged Tasks...
[[0;32m  OK  [0m] Stopped target Timers.
[[0;32m  OK  [0m] Stopped Daily apt upgrade and clean activities.
[[0;32m  OK  [0m] Stopped target Cloud-init target.
[[0;32m  OK  [0m] Stopped Execute cloud user/final scripts.
[[0;32m  OK  [0m] Stopped target Multi-User System.
         Stopping System Logging Service...
[[0;32m  OK  [0m] Stopped target Login Prompts.
         Stopping Serial Getty on ttyS0...
         Stopping Getty on tty1...
         Stopping FUSE filesystem for LXC...
         Stopping D-Bus System Message Bus...
         Stopping Unattended Upgrades Shutdown...
         Stopping Deferred execution scheduler...
         Stopping Regular background program processing daemon...
         Stopping LSB: automatic crash report generation...
[[0;32m  OK  [0m] Closed Load/Save RF Kill Switch Status /dev/rfkill Watch.
         Stopping User Manager for UID 1000...
[[0;32m  OK  [0m] Stopped Apply the settings specified in cloud-config.
[[0;32m  OK  [0m] Stopped Wait until snapd is fully seeded.
         Stopping Snappy daemon...
         Stopping LSB: Record successful boot for GRUB...
[[0;32m  OK  [0m] Stopped target Cloud-config availability.
[[0;32m  OK  [0m] Stopped Daily apt download activities.
         Stopping Session 4 of user vagrant.
[[0;32m  OK  [0m] Stopped target System Time Synchronized.
[[0;32m  OK  [0m] Stopped Daily Cleanup of Temporary Directories.
         Stopping LSB: daemon to balance interrupts for SMP systems...
         Stopping Virtualbox guest utils...
         Stopping LXD - container startup/shutdown...
         Stopping OpenBSD Secure Shell server...
         Stopping LSB: MD monitoring daemon...
         Stopping LSB: Set the CPU Frequency Scaling governor to "ondemand"...
         Stopping ACPI event daemon...
         Stopping Accounts Service...
[[0;32m  OK  [0m] Unmounted /var/lib/lxcfs.
[[0;32m  OK  [0m] Stopped System Logging Service.
[[0;32m  OK  [0m] Stopped Deferred execution scheduler.
[[0;32m  OK  [0m] Stopped Accounts Service.
[[0;32m  OK  [0m] Stopped Regular background program processing daemon.
[[0;32m  OK  [0m] Stopped Snappy daemon.
[[0;32m  OK  [0m] Stopped OpenBSD Secure Shell server.
[[0;32m  OK  [0m] Stopped Authenticate and Authorize Users to Run Privileged Tasks.
[[0;32m  OK  [0m] Stopped Getty on tty1.
[[0;32m  OK  [0m] Stopped Serial Getty on ttyS0.
[[0;32m  OK  [0m] Stopped User Manager for UID 1000.
[[0;32m  OK  [0m] Stopped D-Bus System Message Bus.
[[0;32m  OK  [0m] Stopped ACPI event daemon.
[[0;32m  OK  [0m] Stopped Unattended Upgrades Shutdown.
[[0;32m  OK  [0m] Stopped Session 4 of user vagrant.
[[0;32m  OK  [0m] Stopped FUSE filesystem for LXC.
[[0;32m  OK  [0m] Stopped LSB: automatic crash report generation.
[[0;32m  OK  [0m] Stopped LSB: Record successful boot for GRUB.
[[0;32m  OK  [0m] Stopped LSB: daemon to balance interrupts for SMP systems.
[[0;32m  OK  [0m] Stopped LXD - container startup/shutdown.
[[0;32m  OK  [0m] Stopped LSB: Set the CPU Frequency Scaling governor to "ondemand".
[[0;32m  OK  [0m] Stopped Virtualbox guest utils.
[[0;32m  OK  [0m] Stopped LSB: MD monitoring daemon.
[[0;32m  OK  [0m] Removed slice User Slice of vagrant.
         Stopping Login Service...
[[0;32m  OK  [0m] Removed slice system-serial\x2dgetty.slice.
         Stopping Permit User Sessions...
[[0;32m  OK  [0m] Removed slice system-getty.slice.
[[0;32m  OK  [0m] Stopped /etc/rc.local Compatibility.
[[0;32m  OK  [0m] Stopped Permit User Sessions.
[[0;32m  OK  [0m] Stopped target Remote File Systems.
[[0;32m  OK  [0m] Stopped target Remote File Systems (Pre).
         Stopping Login to default iSCSI targets...
[[0;32m  OK  [0m] Stopped Login Service.
[[0;32m  OK  [0m] Stopped target Basic System.
[[0;32m  OK  [0m] Stopped target Slices.
[[0;32m  OK  [0m] Removed slice User and Session Slice.
[[0;32m  OK  [0m] Stopped target Sockets.
[[0;32m  OK  [0m] Closed Socket activation for snappy daemon.
[[0;32m  OK  [0m] Closed Syslog Socket.
[[0;32m  OK  [0m] Closed ACPID Listen Socket.
[[0;32m  OK  [0m] Closed UUID daemon activation socket.
[[0;32m  OK  [0m] Closed LXD - unix socket.
[[0;32m  OK  [0m] Stopped target Paths.
[[0;32m  OK  [0m] Stopped Forward Password Requests to Wall Directory Watch.
[[0;32m  OK  [0m] Stopped ACPI Events Check.
[[0;32m  OK  [0m] Stopped Dispatch Password Requests to Console Directory Watch.
[[0;32m  OK  [0m] Stopped target User and Group Name Lookups.
[[0;32m  OK  [0m] Closed D-Bus System Message Bus Socket.
[[0;32m  OK  [0m] Stopped target System Initialization.
[[0;32m  OK  [0m] Stopped target Swap.
[[0;32m  OK  [0m] Stopped target Encrypted Volumes.
         Stopping Update UTMP about System Boot/Shutdown...
         Stopping Load/Save Random Seed...
[[0;32m  OK  [0m] Stopped Load/Save Random Seed.
[[0;32m  OK  [0m] Stopped Update UTMP about System Boot/Shutdown.
[[0;32m  OK  [0m] Stopped Login to default iSCSI targets.
         Stopping iSCSI initiator daemon (iscsid)...
[[0;32m  OK  [0m] Stopped Create Volatile Files and Directories.
[[0;32m  OK  [0m] Stopped iSCSI initiator daemon (iscsid).
[[0;32m  OK  [0m] Stopped target Network is Online.
[[0;32m  OK  [0m] Stopped Initial cloud-init job (metadata service crawler).
[[0;32m  OK  [0m] Stopped target Network.
         Stopping Raise network interfaces...
[[0;32m  OK  [0m] Stopped Raise network interfaces.
[[0;32m  OK  [0m] Stopped Apply Kernel Variables.
[[0;32m  OK  [0m] Stopped Load Kernel Modules.
[[0;32m  OK  [0m] Stopped target Local File Systems.
         Unmounting /run/user/1000...
         Unmounting /vagrant...
[[0;32m  OK  [0m] Stopped target Network (Pre).
[[0;32m  OK  [0m] Stopped Initial cloud-init job (pre-networking).
[[0;32m  OK  [0m] Unmounted /run/user/1000.
[[0;32m  OK  [0m] Unmounted /vagrant.
[[0;32m  OK  [0m] Reached target Unmount All Filesystems.
[[0;32m  OK  [0m] Stopped target Local File Systems (Pre).
[[0;32m  OK  [0m] Stopped Create Static Device Nodes in /dev.
         Stopping Monitoring of LVM2 mirrors... dmeventd or progress polling...
[[0;32m  OK  [0m] Stopped Remount Root and Kernel File Systems.
[[0;32m  OK  [0m] Reached target Shutdown.
[ 4775.145863] reboot: Power down
