[    0.000000] Initializing cgroup subsys cpuset
[    0.000000] Initializing cgroup subsys cpu
[    0.000000] Initializing cgroup subsys cpuacct
[    0.000000] Linux version 4.4.0-141-generic (buildd@lcy01-amd64-006) (gcc version 5.4.0 20160609 (Ubuntu 5.4.0-6ubuntu1~16.04.10) ) #167-Ubuntu SMP Wed Dec 5 10:40:15 UTC 2018 (Ubuntu 4.4.0-141.167-generic 4.4.162)
[    0.000000] Command line: BOOT_IMAGE=/boot/vmlinuz-4.4.0-141-generic root=LABEL=cloudimg-rootfs ro console=tty1 console=ttyS0
[    0.000000] KERNEL supported cpus:
[    0.000000]   Intel GenuineIntel
[    0.000000]   AMD AuthenticAMD
[    0.000000]   Centaur CentaurHauls
[    0.000000] x86/fpu: xstate_offset[2]:  576, xstate_sizes[2]:  256
[    0.000000] x86/fpu: Supporting XSAVE feature 0x01: 'x87 floating point registers'
[    0.000000] x86/fpu: Supporting XSAVE feature 0x02: 'SSE registers'
[    0.000000] x86/fpu: Supporting XSAVE feature 0x04: 'AVX registers'
[    0.000000] x86/fpu: Enabled xstate features 0x7, context size is 832 bytes, using 'standard' format.
[    0.000000] e820: BIOS-provided physical RAM map:
[    0.000000] BIOS-e820: [mem 0x0000000000000000-0x000000000009fbff] usable
[    0.000000] BIOS-e820: [mem 0x000000000009fc00-0x000000000009ffff] reserved
[    0.000000] BIOS-e820: [mem 0x00000000000f0000-0x00000000000fffff] reserved
[    0.000000] BIOS-e820: [mem 0x0000000000100000-0x000000003ffeffff] usable
[    0.000000] BIOS-e820: [mem 0x000000003fff0000-0x000000003fffffff] ACPI data
[    0.000000] BIOS-e820: [mem 0x00000000fec00000-0x00000000fec00fff] reserved
[    0.000000] BIOS-e820: [mem 0x00000000fee00000-0x00000000fee00fff] reserved
[    0.000000] BIOS-e820: [mem 0x00000000fffc0000-0x00000000ffffffff] reserved
[    0.000000] NX (Execute Disable) protection: active
[    0.000000] SMBIOS 2.5 present.
[    0.000000] Hypervisor detected: KVM
[    0.000000] e820: last_pfn = 0x3fff0 max_arch_pfn = 0x400000000
[    0.000000] MTRR: Disabled
[    0.000000] x86/PAT: MTRRs disabled, skipping PAT initialization too.
[    0.000000] CPU MTRRs all blank - virtualized system.
[    0.000000] x86/PAT: Configuration [0-7]: WB  WT  UC- UC  WB  WT  UC- UC  
[    0.000000] found SMP MP-table at [mem 0x0009fff0-0x0009ffff] mapped at [ffff88000009fff0]
[    0.000000] Scanning 1 areas for low memory corruption
[    0.000000] RAMDISK: [mem 0x3630a000-0x3717cfff]
[    0.000000] ACPI: Early table checksum verification disabled
[    0.000000] ACPI: RSDP 0x00000000000E0000 000024 (v02 VBOX  )
[    0.000000] ACPI: XSDT 0x000000003FFF0030 00003C (v01 VBOX   VBOXXSDT 00000001 ASL  00000061)
[    0.000000] ACPI: FACP 0x000000003FFF00F0 0000F4 (v04 VBOX   VBOXFACP 00000001 ASL  00000061)
[    0.000000] ACPI: DSDT 0x000000003FFF0470 0022EA (v02 VBOX   VBOXBIOS 00000002 INTL 20100528)
[    0.000000] ACPI: FACS 0x000000003FFF0200 000040
[    0.000000] ACPI: FACS 0x000000003FFF0200 000040
[    0.000000] ACPI: APIC 0x000000003FFF0240 00005C (v02 VBOX   VBOXAPIC 00000001 ASL  00000061)
[    0.000000] ACPI: SSDT 0x000000003FFF02A0 0001CC (v01 VBOX   VBOXCPUT 00000002 INTL 20100528)
[    0.000000] No NUMA configuration found
[    0.000000] Faking a node at [mem 0x0000000000000000-0x000000003ffeffff]
[    0.000000] NODE_DATA(0) allocated [mem 0x3ffeb000-0x3ffeffff]
[    0.000000] kvm-clock: Using msrs 4b564d01 and 4b564d00
[    0.000000] kvm-clock: cpu 0, msr 0:3ffe3001, primary cpu clock
[    0.000000] kvm-clock: using sched offset of 4633260877 cycles
[    0.000000] clocksource: kvm-clock: mask: 0xffffffffffffffff max_cycles: 0x1cd42e4dffb, max_idle_ns: 881590591483 ns
[    0.000000] Zone ranges:
[    0.000000]   DMA      [mem 0x0000000000001000-0x0000000000ffffff]
[    0.000000]   DMA32    [mem 0x0000000001000000-0x000000003ffeffff]
[    0.000000]   Normal   empty
[    0.000000]   Device   empty
[    0.000000] Movable zone start for each node
[    0.000000] Early memory node ranges
[    0.000000]   node   0: [mem 0x0000000000001000-0x000000000009efff]
[    0.000000]   node   0: [mem 0x0000000000100000-0x000000003ffeffff]
[    0.000000] Initmem setup node 0 [mem 0x0000000000001000-0x000000003ffeffff]
[    0.000000] ACPI: PM-Timer IO Port: 0x4008
[    0.000000] IOAPIC[0]: apic_id 2, version 32, address 0xfec00000, GSI 0-23
[    0.000000] ACPI: INT_SRC_OVR (bus 0 bus_irq 0 global_irq 2 dfl dfl)
[    0.000000] ACPI: INT_SRC_OVR (bus 0 bus_irq 9 global_irq 9 low level)
[    0.000000] Using ACPI (MADT) for SMP configuration information
[    0.000000] smpboot: Allowing 2 CPUs, 0 hotplug CPUs
[    0.000000] PM: Registered nosave memory: [mem 0x00000000-0x00000fff]
[    0.000000] PM: Registered nosave memory: [mem 0x0009f000-0x0009ffff]
[    0.000000] PM: Registered nosave memory: [mem 0x000a0000-0x000effff]
[    0.000000] PM: Registered nosave memory: [mem 0x000f0000-0x000fffff]
[    0.000000] e820: [mem 0x40000000-0xfebfffff] available for PCI devices
[    0.000000] Booting paravirtualized kernel on KVM
[    0.000000] clocksource: refined-jiffies: mask: 0xffffffff max_cycles: 0xffffffff, max_idle_ns: 7645519600211568 ns
[    0.000000] setup_percpu: NR_CPUS:512 nr_cpumask_bits:512 nr_cpu_ids:2 nr_node_ids:1
[    0.000000] PERCPU: Embedded 34 pages/cpu @ffff88003fc00000 s99608 r8192 d31464 u1048576
[    0.000000] PV qspinlock hash table entries: 256 (order: 0, 4096 bytes)
[    0.000000] Built 1 zonelists in Node order, mobility grouping on.  Total pages: 257912
[    0.000000] Policy zone: DMA32
[    0.000000] Kernel command line: BOOT_IMAGE=/boot/vmlinuz-4.4.0-141-generic root=LABEL=cloudimg-rootfs ro console=tty1 console=ttyS0
[    0.000000] PID hash table entries: 4096 (order: 3, 32768 bytes)
[    0.000000] Memory: 997708K/1048120K available (8568K kernel code, 1314K rwdata, 4008K rodata, 1528K init, 1316K bss, 50412K reserved, 0K cma-reserved)
[    0.000000] SLUB: HWalign=64, Order=0-3, MinObjects=0, CPUs=2, Nodes=1
[    0.000000] Kernel/User page tables isolation: enabled
[    0.000000] Hierarchical RCU implementation.
[    0.000000] 	Build-time adjustment of leaf fanout to 64.
[    0.000000] 	RCU restricting CPUs from NR_CPUS=512 to nr_cpu_ids=2.
[    0.000000] RCU: Adjusting geometry for rcu_fanout_leaf=64, nr_cpu_ids=2
[    0.000000] NR_IRQS:33024 nr_irqs:440 16
[    0.000000] Console: colour VGA+ 80x25
[    0.000000] console [tty1] enabled
[    0.000000] console [ttyS0] enabled
[    0.000000] tsc: Detected 2303.998 MHz processor
[    0.354175] Calibrating delay loop (skipped) preset value.. 4607.99 BogoMIPS (lpj=9215992)
[    0.358525] pid_max: default: 32768 minimum: 301
[    0.360883] ACPI: Core revision 20150930
[    0.364736] ACPI: 2 ACPI AML tables successfully acquired and loaded
[    0.368923] Security Framework initialized
[    0.371251] Yama: becoming mindful.
[    0.373226] AppArmor: AppArmor initialized
[    0.375398] Dentry cache hash table entries: 131072 (order: 8, 1048576 bytes)
[    0.382022] Inode-cache hash table entries: 65536 (order: 7, 524288 bytes)
[    0.385800] Mount-cache hash table entries: 2048 (order: 2, 16384 bytes)
[    0.389185] Mountpoint-cache hash table entries: 2048 (order: 2, 16384 bytes)
[    0.393329] Initializing cgroup subsys io
[    0.396140] Initializing cgroup subsys memory
[    0.398482] Initializing cgroup subsys devices
[    0.400894] Initializing cgroup subsys freezer
[    0.403334] Initializing cgroup subsys net_cls
[    0.405688] Initializing cgroup subsys perf_event
[    0.408385] Initializing cgroup subsys net_prio
[    0.410834] Initializing cgroup subsys hugetlb
[    0.413203] Initializing cgroup subsys pids
[    0.417615] mce: CPU supports 0 MCE banks
[    0.419848] Last level iTLB entries: 4KB 64, 2MB 8, 4MB 8
[    0.423044] Last level dTLB entries: 4KB 64, 2MB 0, 4MB 0, 1GB 4
[    0.426429] Spectre V2 : Mitigation: Full generic retpoline
[    0.429470] Spectre V2 : Spectre v2 mitigation: Speculation control IBPB not-supported IBRS not-supported
[    0.434270] Spectre V2 : Spectre v2 / SpectreRSB mitigation: Filling RSB on context switch
[    0.439229] Speculative Store Bypass: Vulnerable
[    0.446465] Freeing SMP alternatives memory: 32K
[    0.464222] ftrace: allocating 32291 entries in 127 pages
[    0.563369] smpboot: APIC(0) Converting physical 0 to logical package 0
[    0.567038] smpboot: Max logical packages: 1
[    0.570091] x2apic enabled
[    0.572101] Switched APIC routing to physical x2apic.
[    0.576885] ..TIMER: vector=0x30 apic1=0 pin1=2 apic2=-1 pin2=-1
[    0.687864] smpboot: CPU0: Intel(R) Core(TM) i5-8259U CPU @ 2.30GHz (family: 0x6, model: 0x8e, stepping: 0xa)
[    0.694299] Performance Events: unsupported p6 CPU model 142 no PMU driver, software events only.
[    0.701184] KVM setup paravirtual spinlock
[    0.704577] x86: Booting SMP configuration:
[    0.707062] .... node  #0, CPUs:      #1
[    0.709673] kvm-clock: cpu 1, msr 0:3ffe3041, secondary cpu clock
[    0.715318] mce: CPU supports 0 MCE banks
[    0.719500] x86: Booted up 1 node, 2 CPUs
[    0.722278] smpboot: Total of 2 processors activated (9215.99 BogoMIPS)
[    0.726811] devtmpfs: initialized
[    0.731661] evm: security.selinux
[    0.734041] evm: security.SMACK64
[    0.736154] evm: security.SMACK64EXEC
[    0.738188] evm: security.SMACK64TRANSMUTE
[    0.740494] evm: security.SMACK64MMAP
[    0.742450] evm: security.ima
[    0.744630] evm: security.capability
[    0.748438] clocksource: jiffies: mask: 0xffffffff max_cycles: 0xffffffff, max_idle_ns: 7645041785100000 ns
[    0.754804] futex hash table entries: 512 (order: 3, 32768 bytes)
[    0.759072] pinctrl core: initialized pinctrl subsystem
[    0.762232] RTC time: 12:45:37, date: 03/27/19
[    0.766576] NET: Registered protocol family 16
[    0.779872] cpuidle: using governor ladder
[    0.792185] cpuidle: using governor menu
[    0.794573] PCCT header not found.
[    0.797179] ACPI: bus type PCI registered
[    0.800919] acpiphp: ACPI Hot Plug PCI Controller Driver version: 0.5
[    0.804611] PCI: Using configuration type 1 for base access
[    0.822037] ACPI: Added _OSI(Module Device)
[    0.824804] ACPI: Added _OSI(Processor Device)
[    0.827175] ACPI: Added _OSI(3.0 _SCP Extensions)
[    0.829555] ACPI: Added _OSI(Processor Aggregator Device)
[    0.835746] ACPI: Executed 1 blocks of module-level executable AML code
[    0.842724] ACPI: Interpreter enabled
[    0.844938] ACPI: (supports S0 S5)
[    0.846789] ACPI: Using IOAPIC for interrupt routing
[    0.852263] PCI: Using host bridge windows from ACPI; if necessary, use "pci=nocrs" and report a bug
[    0.868648] ACPI: PCI Root Bridge [PCI0] (domain 0000 [bus 00-ff])
[    0.871878] acpi PNP0A03:00: _OSC: OS supports [ASPM ClockPM Segments MSI]
[    0.876428] acpi PNP0A03:00: _OSC: not requesting OS control; OS requires [ExtendedConfig ASPM ClockPM MSI]
[    0.883689] acpi PNP0A03:00: fail to add MMCONFIG information, can't access extended PCI configuration space under this bridge.
[    0.890261] PCI host bridge to bus 0000:00
[    0.892619] pci_bus 0000:00: root bus resource [io  0x0000-0x0cf7 window]
[    0.896045] pci_bus 0000:00: root bus resource [io  0x0d00-0xffff window]
[    0.900023] pci_bus 0000:00: root bus resource [mem 0x000a0000-0x000bffff window]
[    0.903879] pci_bus 0000:00: root bus resource [mem 0x40000000-0xfdffffff window]
[    0.907763] pci_bus 0000:00: root bus resource [bus 00-ff]
[    0.916531] pci 0000:00:01.1: legacy IDE quirk: reg 0x10: [io  0x01f0-0x01f7]
[    0.920402] pci 0000:00:01.1: legacy IDE quirk: reg 0x14: [io  0x03f6]
[    0.923559] pci 0000:00:01.1: legacy IDE quirk: reg 0x18: [io  0x0170-0x0177]
[    0.927303] pci 0000:00:01.1: legacy IDE quirk: reg 0x1c: [io  0x0376]
[    0.972575] pci 0000:00:07.0: quirk: [io  0x4000-0x403f] claimed by PIIX4 ACPI
[    0.976694] pci 0000:00:07.0: quirk: [io  0x4100-0x410f] claimed by PIIX4 SMB
[    0.990820] ACPI: PCI Interrupt Link [LNKA] (IRQs 5 9 10 *11)
[    0.995554] ACPI: PCI Interrupt Link [LNKB] (IRQs 5 9 *10 11)
[    0.999119] ACPI: PCI Interrupt Link [LNKC] (IRQs 5 *9 10 11)
[    1.002833] ACPI: PCI Interrupt Link [LNKD] (IRQs 5 9 10 *11)
[    1.006531] ACPI: Enabled 2 GPEs in block 00 to 07
[    1.009729] vgaarb: setting as boot device: PCI:0000:00:02.0
[    1.012816] vgaarb: device added: PCI:0000:00:02.0,decodes=io+mem,owns=io+mem,locks=none
[    1.017126] vgaarb: loaded
[    1.018940] vgaarb: bridge control possible 0000:00:02.0
[    1.022205] SCSI subsystem initialized
[    1.024463] ACPI: bus type USB registered
[    1.026672] usbcore: registered new interface driver usbfs
[    1.029746] usbcore: registered new interface driver hub
[    1.032529] usbcore: registered new device driver usb
[    1.038465] PCI: Using ACPI for IRQ routing
[    1.041633] NetLabel: Initializing
[    1.043513] NetLabel:  domain hash size = 128
[    1.045808] NetLabel:  protocols = UNLABELED CIPSOv4
[    1.048402] NetLabel:  unlabeled traffic allowed by default
[    1.052050] amd_nb: Cannot enumerate AMD northbridges
[    1.054572] clocksource: Switched to clocksource kvm-clock
[    1.070935] AppArmor: AppArmor Filesystem Enabled
[    1.073775] pnp: PnP ACPI init
[    1.077954] pnp: PnP ACPI: found 3 devices
[    1.094473] clocksource: acpi_pm: mask: 0xffffff max_cycles: 0xffffff, max_idle_ns: 2085701024 ns
[    1.099267] NET: Registered protocol family 2
[    1.102345] TCP established hash table entries: 8192 (order: 4, 65536 bytes)
[    1.105790] TCP bind hash table entries: 8192 (order: 5, 131072 bytes)
[    1.109496] TCP: Hash tables configured (established 8192 bind 8192)
[    1.112911] UDP hash table entries: 512 (order: 2, 16384 bytes)
[    1.115908] UDP-Lite hash table entries: 512 (order: 2, 16384 bytes)
[    1.119354] NET: Registered protocol family 1
[    1.121549] pci 0000:00:00.0: Limiting direct PCI/PCI transfers
[    1.124489] pci 0000:00:01.0: Activating ISA DMA hang workarounds
[    1.127904] Unpacking initramfs...
[    1.517444] Freeing initrd memory: 14796K
[    1.520026] platform rtc_cmos: registered platform RTC device (no PNP device found)
[    1.524488] Scanning for low memory corruption every 60 seconds
[    1.528183] audit: initializing netlink subsys (disabled)
[    1.531089] audit: type=2000 audit(1553690744.002:1): initialized
[    1.534445] Initialise system trusted keyring
[    1.537089] HugeTLB registered 2 MB page size, pre-allocated 0 pages
[    1.542551] zbud: loaded
[    1.544719] VFS: Disk quotas dquot_6.6.0
[    1.546828] VFS: Dquot-cache hash table entries: 512 (order 0, 4096 bytes)
[    1.551277] squashfs: version 4.0 (2009/01/31) Phillip Lougher
[    1.554877] fuse init (API version 7.23)
[    1.557820] Key type big_key registered
[    1.560103] Allocating IMA MOK and blacklist keyrings.
[    1.565628] Key type asymmetric registered
[    1.567974] Asymmetric key parser 'x509' registered
[    1.570509] Block layer SCSI generic (bsg) driver version 0.4 loaded (major 249)
[    1.575209] io scheduler noop registered
[    1.577248] io scheduler deadline registered (default)
[    1.580550] io scheduler cfq registered
[    1.583416] pci_hotplug: PCI Hot Plug PCI Core version: 0.5
[    1.586279] pciehp: PCI Express Hot Plug Controller Driver version: 0.4
[    1.590650] ACPI: AC Adapter [AC] (on-line)
[    1.593156] input: Power Button as /devices/LNXSYSTM:00/LNXPWRBN:00/input/input0
[    1.598235] ACPI: Power Button [PWRF]
[    1.601374] input: Sleep Button as /devices/LNXSYSTM:00/LNXSLPBN:00/input/input1
[    1.607055] ACPI: Sleep Button [SLPF]
[    1.610726] GHES: HEST is not enabled!
[    1.612228] ACPI: Battery Slot [BAT0] (battery present)
[    1.616229] Serial: 8250/16550 driver, 32 ports, IRQ sharing enabled
 	
 !"#$%&'()*+,-./0123456789:;<=>?@ABCDEFGHIJKLMNOPQRSTUVWXYZ[\]^_`abcdefghijklmnopqrstuvwxyz{|}~ÄÅÇÉÑÖÜáàâäãåçéèêëíìîïñóòôöõúùûü†°¢£§•¶ß®©™´¨≠ÆØ∞±≤≥¥µ∂∑∏π∫ªºΩæø¿¡¬√ƒ≈∆«»… ÀÃÕŒœ–—“”‘’÷◊ÿŸ⁄€‹›ﬁﬂ‡·‚„‰ÂÊÁËÈÍÎÏÌÓÔÒÚÛÙıˆ˜¯˘˙˚¸˝˛ˇ[    1.648315] 00:02: ttyS0 at I/O 0x3f8 (irq = 4, base_baud = 115200) is a 16550A
[    1.658626] Linux agpgart interface v0.103
[    1.664592] loop: module loaded
[    1.667805] scsi host0: ata_piix
[    1.670397] scsi host1: ata_piix
[    1.672314] ata1: PATA max UDMA/33 cmd 0x1f0 ctl 0x3f6 bmdma 0xd000 irq 14
[    1.675640] ata2: PATA max UDMA/33 cmd 0x170 ctl 0x376 bmdma 0xd008 irq 15
[    1.679581] libphy: Fixed MDIO Bus: probed
[    1.681786] tun: Universal TUN/TAP device driver, 1.6
[    1.684481] tun: (C) 1999-2004 Max Krasnyansky <maxk@qualcomm.com>
[    1.688269] PPP generic driver version 2.4.2
[    1.690949] ehci_hcd: USB 2.0 'Enhanced' Host Controller (EHCI) Driver
[    1.694147] ehci-pci: EHCI PCI platform driver
[    1.696725] ehci-platform: EHCI generic platform driver
[    1.699656] ohci_hcd: USB 1.1 'Open' Host Controller (OHCI) Driver
[    1.702920] ohci-pci: OHCI PCI platform driver
[    1.705417] ohci-platform: OHCI generic platform driver
[    1.708230] uhci_hcd: USB Universal Host Controller Interface driver
[    1.711947] i8042: PNP: PS/2 Controller [PNP0303:PS2K,PNP0f03:PS2M] at 0x60,0x64 irq 1,12
[    1.716727] serio: i8042 KBD port at 0x60,0x64 irq 1
[    1.719484] serio: i8042 AUX port at 0x60,0x64 irq 12
[    1.722422] mousedev: PS/2 mouse device common for all mice
[    1.726461] input: AT Translated Set 2 keyboard as /devices/platform/i8042/serio0/input/input2
[    1.731580] rtc_cmos rtc_cmos: rtc core: registered rtc_cmos as rtc0
[    1.735395] rtc_cmos rtc_cmos: alarms up to one day, 114 bytes nvram
[    1.738417] i2c /dev entries driver
[    1.740369] device-mapper: uevent: version 1.0.3
[    1.742844] device-mapper: ioctl: 4.34.0-ioctl (2015-10-28) initialised: dm-devel@redhat.com
[    1.747055] ledtrig-cpu: registered to indicate activity on CPUs
[    1.751005] NET: Registered protocol family 10
[    1.753550] NET: Registered protocol family 17
[    1.755857] Key type dns_resolver registered
[    1.758823] registered taskstats version 1
[    1.761061] Loading compiled-in X.509 certificates
[    1.764406] Loaded X.509 cert 'Build time autogenerated kernel key: 7c9fb337b82e5a343493fe891c556beae1895c7c'
[    1.769311] zswap: loaded using pool lzo/zbud
[    1.774200] Key type trusted registered
[    1.781315] Key type encrypted registered
[    1.783633] AppArmor: AppArmor sha1 policy hashing enabled
[    1.786577] ima: No TPM chip found, activating TPM-bypass!
[    1.789383] ima: Allocated hash algorithm: sha1
[    1.791973] evm: HMAC attrs: 0x1
[    1.794768]   Magic number: 11:518:785
[    1.796901] rtc_cmos rtc_cmos: setting system clock to 2019-03-27 12:45:38 UTC (1553690738)
[    1.801955] BIOS EDD facility v0.16 2004-Jun-25, 0 devices found
[    1.805121] EDD information not available.
[    1.837171] Freeing unused kernel memory: 1528K
[    1.840021] Write protecting the kernel read-only data: 14336k
[    1.843719] Freeing unused kernel memory: 1660K
[    1.846864] Freeing unused kernel memory: 88K
Loading, please wait...
starting version 229
[    1.873539] random: systemd-udevd: uninitialized urandom read (16 bytes read, 5 bits of entropy available)
[    1.874490] random: udevadm: uninitialized urandom read (16 bytes read, 5 bits of entropy available)
[    1.874516] random: udevadm: uninitialized urandom read (16 bytes read, 5 bits of entropy available)
[    1.887034] random: udevadm: uninitialized urandom read (16 bytes read, 5 bits of entropy available)
[    1.887099] random: udevadm: uninitialized urandom read (16 bytes read, 5 bits of entropy available)
[    1.887285] random: udevadm: uninitialized urandom read (16 bytes read, 5 bits of entropy available)
[    1.887437] random: udevadm: uninitialized urandom read (16 bytes read, 5 bits of entropy available)
[    1.887515] random: udevadm: uninitialized urandom read (16 bytes read, 5 bits of entropy available)
[    1.887584] random: udevadm: uninitialized urandom read (16 bytes read, 5 bits of entropy available)
[    1.887651] random: udevadm: uninitialized urandom read (16 bytes read, 5 bits of entropy available)
[    1.963356] Fusion MPT base driver 3.04.20
[    1.965948] Copyright (c) 1999-2008 LSI Corporation
[    1.975971] e1000: Intel(R) PRO/1000 Network Driver - version 7.3.21-k8-NAPI
[    1.980314] e1000: Copyright (c) 1999-2006 Intel Corporation.
[    2.006169] AVX2 version of gcm_enc/dec engaged.
[    2.008939] AES CTR mode by8 optimization enabled
[    2.018995] Fusion MPT SPI Host driver 3.04.20
[    2.184856] input: ImExPS/2 Generic Explorer Mouse as /devices/platform/i8042/serio1/input/input4
[    2.517513] e1000 0000:00:03.0 eth0: (PCI:33MHz:32-bit) 02:90:05:96:38:68
[    2.521519] e1000 0000:00:03.0 eth0: Intel(R) PRO/1000 Network Connection
[    2.525100] tsc: Refined TSC clocksource calibration: 2304.953 MHz
[    2.528147] clocksource: tsc: mask: 0xffffffffffffffff max_cycles: 0x21397c1524b, max_idle_ns: 440795247488 ns
[    2.534459] mptbase: ioc0: Initiating bringup
[    2.534876] e1000 0000:00:03.0 enp0s3: renamed from eth0
[    2.603140] ioc0: LSI53C1030 A0: Capabilities={Initiator}
[    2.773362] scsi host2: ioc0: LSI53C1030 A0, FwRev=00000000h, Ports=1, MaxQ=256, IRQ=20
[    2.896708] scsi 2:0:0:0: Direct-Access     VBOX     HARDDISK         1.0  PQ: 0 ANSI: 5
[    2.901833] scsi target2:0:0: Beginning Domain Validation
[    2.907191] scsi target2:0:0: Domain Validation skipping write tests
[    2.910427] scsi target2:0:0: Ending Domain Validation
[    2.913089] scsi target2:0:0: asynchronous
[    2.916227] scsi 2:0:1:0: Direct-Access     VBOX     HARDDISK         1.0  PQ: 0 ANSI: 5
[    2.920550] scsi target2:0:1: Beginning Domain Validation
[    2.924910] scsi target2:0:1: Domain Validation skipping write tests
[    2.928539] scsi target2:0:1: Ending Domain Validation
[    2.946101] scsi target2:0:1: asynchronous
[    2.959212] sd 2:0:0:0: [sda] 20971520 512-byte logical blocks: (10.7 GB/10.0 GiB)
[    2.959448] sd 2:0:0:0: Attached scsi generic sg0 type 0
[    2.960172] sd 2:0:1:0: Attached scsi generic sg1 type 0
[    2.960292] sd 2:0:1:0: [sdb] 20480 512-byte logical blocks: (10.5 MB/10.0 MiB)
[    2.960917] sd 2:0:1:0: [sdb] Write Protect is off
[    2.961251] sd 2:0:1:0: [sdb] Incomplete mode parameter data
[    2.961253] sd 2:0:1:0: [sdb] Assuming drive cache: write through
[    2.964809] sd 2:0:1:0: [sdb] Attached SCSI disk
[    2.984964] sd 2:0:0:0: [sda] Write Protect is off
[    2.988018] sd 2:0:0:0: [sda] Incomplete mode parameter data
[    2.990834] sd 2:0:0:0: [sda] Assuming drive cache: write through
[    2.997483]  sda: sda1
[    3.000342] sd 2:0:0:0: [sda] Attached SCSI disk
Begin: Loading essential drivers ... [    4.540009] md: linear personality registered for level -1
[    4.547313] md: multipath personality registered for level -4
[    4.554885] md: raid0 personality registered for level 0
[    4.563016] md: raid1 personality registered for level 1
[    4.638753] raid6: sse2x1   gen()  6340 MB/s
[    4.706687] raid6: sse2x1   xor()  4771 MB/s
[    4.775239] raid6: sse2x2   gen()  7829 MB/s
[    4.842800] raid6: sse2x2   xor()  5520 MB/s
[    4.910850] raid6: sse2x4   gen()  8511 MB/s
[    4.978769] raid6: sse2x4   xor()  5385 MB/s
[    5.046908] raid6: avx2x1   gen() 12251 MB/s
[    5.114777] raid6: avx2x2   gen() 14513 MB/s
[    5.183146] raid6: avx2x4   gen() 15429 MB/s
[    5.185632] raid6: using algorithm avx2x4 gen() 15429 MB/s
[    5.188689] raid6: using avx2x2 recovery algorithm
[    5.193373] xor: automatically using best checksumming function:
[    5.234698]    avx       : 12324.000 MB/sec
[    5.239567] async_tx: api initialized (async)
[    5.252174] md: raid6 personality registered for level 6
[    5.255187] md: raid5 personality registered for level 5
[    5.257753] md: raid4 personality registered for level 4
[    5.268219] md: raid10 personality registered for level 10
done.
Begin: Running /scripts/init-premount ... done.
Begin: Mounting root file system ... Begin: Running /scripts/local-top ... done.
Begin: Running /scripts/local-premount ... [    5.317771] Btrfs loaded
Scanning for Btrfs filesystems
done.
Warning: fsck not present, so skipping root file system
[    5.357998] EXT4-fs (sda1): INFO: recovery required on readonly filesystem
[    5.361477] EXT4-fs (sda1): write access will be enabled during recovery
[    5.411667] EXT4-fs (sda1): recovery complete
[    5.414177] EXT4-fs (sda1): mounted filesystem with ordered data mode. Opts: (null)
done.
Begin: Running /scripts/local-bottom ... done.
Begin: Running /scripts/init-bottom ... done.
[    5.570759] systemd[1]: systemd 229 running in system mode. (+PAM +AUDIT +SELINUX +IMA +APPARMOR +SMACK +SYSVINIT +UTMP +LIBCRYPTSETUP +GCRYPT +GNUTLS +ACL +XZ -LZ4 +SECCOMP +BLKID +ELFUTILS +KMOD -IDN)
[    5.580471] systemd[1]: Detected virtualization oracle.
[    5.583109] systemd[1]: Detected architecture x86-64.

Welcome to [1mUbuntu 16.04.5 LTS[0m!

[    5.591182] systemd[1]: Set hostname to <ubuntu-xenial>.
[    5.780119] systemd[1]: Listening on Journal Audit Socket.
[[0;32m  OK  [0m] Listening on Journal Audit Socket.
[    5.791721] systemd[1]: Listening on Journal Socket (/dev/log).
[[0;32m  OK  [0m] Listening on Journal Socket (/dev/log).
[    5.803529] systemd[1]: Listening on Journal Socket.
[[0;32m  OK  [0m] Listening on Journal Socket.
[    5.809033] systemd[1]: Started Trigger resolvconf update for networkd DNS.
[[0;32m  OK  [0m] Started Trigger resolvconf update for networkd DNS.
[    5.815756] systemd[1]: Created slice System Slice.
[[0;32m  OK  [0m] Created slice System Slice.
[    5.831349] systemd[1]: Starting Set console keymap...
         Starting Set console keymap...
[    5.837335] systemd[1]: Mounting POSIX Message Queue File System...
         Mounting POSIX Message Queue File System...
[    5.845200] systemd[1]: Mounting Huge Pages File System...
         Mounting Huge Pages File System...
[    5.854033] systemd[1]: Starting Create list of required static device nodes for the current kernel...
         Starting Create list of required st... nodes for the current kernel...
[    5.862066] systemd[1]: Reached target Swap.
[[0;32m  OK  [0m] Reached target Swap.
[    5.866886] systemd[1]: Listening on Syslog Socket.
[[0;32m  OK  [0m] Listening on Syslog Socket.
[    5.873451] systemd[1]: Starting Journal Service...
         Starting Journal Service...
[    5.884451] systemd[1]: Starting Uncomplicated firewall...
         Starting Uncomplicated firewall...
[    5.892187] systemd[1]: Starting Nameserver information manager...
         Starting Nameserver information manager...
[    5.898996] systemd[1]: Created slice User and Session Slice.
[[0;32m  OK  [0m] Created slice User and Session Slice.
[    5.910971] systemd[1]: Reached target Slices.
[[0;32m  OK  [0m] Reached target Slices.
[    5.915746] systemd[1]: Created slice system-serial\x2dgetty.slice.
[[0;32m  OK  [0m] Created slice system-serial\x2dgetty.slice.
[    5.951459] systemd[1]: Starting Remount Root and Kernel File Systems...
         Starting Remount Root and Kernel File Systems...
[    5.958968] systemd[1]: Reached target Encrypted Volumes.

    5.962425] EXT4-fs (sda1): re-mounted. Opts: (null)
[[0;32m  OK  [0m] Reached target Encrypted Volumes.
[    5.966941] systemd[1]: Started Forward Password Requests to Wall Directory Watch.
[[0;32m  OK  [0m] Started Forward Password Requests to Wall Directory Watch.
[    5.974403] systemd[1]: Mounting Debug File System...
         Mounting Debug File System...
[    5.979722] systemd[1]: Listening on udev Control Socket.
[[0;32m  OK  [0m] Listening on udev Control Socket.
[    5.985896] systemd[1]: Set up automount Arbitrary Executable File Formats File System Automount Point.
[[0;32m  OK  [0m] Set up automount Arbitrary Executab...ats File System Automount Point.
[    6.027388] systemd[1]: Starting Load Kernel Modules...
         Starting Load Kernel Modules...
[    6.039326] systemd[1]: Listening on /dev/initctl Compatibility Named Pipe.
[[0;32m  OK  [0m] Listening on /dev/initctl Compatibility Named Pipe.
[    6.047499] Loading iSCSI transport class v2.0-870.
[    6.051094] systemd[1]: Listening on LVM2 poll daemon socket.
[[0;32m  OK  [0m] Listening on LVM2 poll daemon socket.
[    6.056920] systemd[1]: Reached target System Time Synchronized.
[[0;32m  OK  [0m] Reached target System Time Synchronized.
[    6.065911] iscsi: registered transport (tcp)
[    6.068574] systemd[1]: Reached target User and Group Name Lookups.
[[0;32m  OK  [0m] Reached target User and Group Name Lookups.
[    6.076527] systemd[1]: Listening on udev Kernel Socket.
[[0;32m  OK  [0m] Listening on udev Kernel Socket.
[    6.083607] systemd[1]: Listening on LVM2 metadata daemon socket.
[[0;32m  OK  [0m] Listening on LVM2 metadata daemon socket.
[    6.091269] systemd[1]: Listening on Device-mapper event daemon FIFOs.
[[0;32m  OK  [0m] Listening on Device-mapper event daemon FIFOs.
[    6.115110] systemd[1]: Starting Monitoring of LVM2 mirrors, snapshots etc. using dmeventd or progress polling...
         [    6.123271] random: nonblocking pool is initialized
Starting Monitoring of LVM2 mirrors... dmeventd or progress polling...
[    6.134630] systemd[1]: Mounted POSIX Message Queue File System.
[[0;32m  OK  [0m] Mounted POSIX Message Queue File System.
[    6.143862] systemd[1]: Mounted Debug File System.
[[0;32m  OK  [0m] Mounted Debug File System.
[    6.154329] systemd[1]: Mounted Huge Pages File System.
[[0;32m  OK  [0m] [    6.159340] iscsi: registered transport (iser)
Mounted Huge Pages File System.
[    6.164383] systemd[1]: Started Journal Service.
[[0;32m  OK  [0m] Started Journal Service.
[[0;32m  OK  [0m] Started Set console keymap.
[[0;32m  OK  [0m] Started Create list of required sta...ce nodes for the current kernel.
[[0;32m  OK  [0m] Started Uncomplicated firewall.
[[0;32m  OK  [0m] Started Remount Root and Kernel File Systems.
[[0;32m  OK  [0m] Started Load Kernel Modules.
[[0;32m  OK  [0m] Started Nameserver information manager.
[[0;32m  OK  [0m] Started LVM2 metadata daemon.
         Mounting FUSE Control File System...
         Starting Apply Kernel Variables...
         Starting Load/Save Random Seed...
         Starting udev Coldplug all Devices...
         Starting Create Static Device Nodes in /dev...
         Starting Flush Journal to Persistent Storage...
[[0;32m  OK  [0m] Mounted FUSE Control File System.
[[0;32m  OK  [0m] Started Apply Kernel Variables.
[[0;32m  OK  [0m] Started Load/Save Random Seed.
[[0;32m  OK  [0m] Started Create Static Device Nodes in /dev.
[[0;32m  OK  [0m] Started Flush Journal to Persistent Storage.
[[0;32m  OK  [0m] Started udev Coldplug all Devices.
         Starting udev Kernel Device Manager...
[[0;32m  OK  [0m] Started udev Kernel Device Manager.
         Starting LSB: QEMU KVM module loading script...
[[0;32m  OK  [0m] Started Dispatch Password Requests to Console Directory Watch.
[[0;32m  OK  [0m] Started LSB: QEMU KVM module loading script.
[[0;32m  OK  [0m] Found device /dev/ttyS0.
[[0;32m  OK  [0m] Listening on Load/Save RF Kill Switch Status /dev/rfkill Watch.
[[0;32m  OK  [0m] Started Monitoring of LVM2 mirrors,...ng dmeventd or progress polling.
[[0;32m  OK  [0m] Reached target Local File Systems (Pre).
[[0;32m  OK  [0m] Reached target Local File Systems.
         Starting Create Volatile Files and Directories...
         Starting Enable support for additional executable binary formats...
         Starting LSB: AppArmor initialization...
         Starting Tell Plymouth To Write Out Runtime Data...
         Starting Set console font and keymap...
         Starting Initial cloud-init job (pre-networking)...
[[0;32m  OK  [0m] Started Create Volatile Files and Directories.
[[0;32m  OK  [0m] Started Tell Plymouth To Write Out Runtime Data.
[[0;32m  OK  [0m] Found device 82540EM Gigabit Ethern...r (PRO/1000 MT Desktop Adapter).
         Mounting Arbitrary Executable File Formats File System...
         Starting Update UTMP about System Boot/Shutdown...
[[0;32m  OK  [0m] Mounted Arbitrary Executable File Formats File System.
[[0;32m  OK  [0m] Started LSB: AppArmor initialization.
[[0;32m  OK  [0m] Started Update UTMP about System Boot/Shutdown.
[[0;32m  OK  [0m] Started Enable support for additional executable binary formats.
[[0;32m  OK  [0m] Started Set console font and keymap.
[[0;32m  OK  [0m] Created slice system-getty.slice.
[    8.615032] cloud-init[623]: Cloud-init v. 18.4-0ubuntu1~16.04.2 running 'init-local' at Wed, 27 Mar 2019 12:45:45 +0000. Up 8.26 seconds.
[[0;32m  OK  [0m] Started Initial cloud-init job (pre-networking).
[[0;32m  OK  [0m] Reached target Network (Pre).
[[0;32m  OK  [0m] Started ifup for enp0s3.
         Starting Raise network interfaces...
[[0;32m  OK  [0m] Started Raise network interfaces.
[[0;32m  OK  [0m] Reached target Network.
         Starting Initial cloud-init job (metadata service crawler)...
[    9.751975] cloud-init[977]: Cloud-init v. 18.4-0ubuntu1~16.04.2 running 'init' at Wed, 27 Mar 2019 12:45:46 +0000. Up 9.34 seconds.
[    9.757953] cloud-init[977]: ci-info: +++++++++++++++++++++++++++++++++++++Net device info++++++++++++++++++++++++++++++++++++++
[    9.765563] cloud-init[977]: ci-info: +--------+------+---------------------------+---------------+--------+-------------------+
[    9.769964] cloud-init[977]: ci-info: | Device |  Up  |          Address          |      Mask     | Scope  |     Hw-Address    |
[    9.781309] cloud-init[977]: ci-info: +--------+------+---------------------------+---------------+--------+-------------------+
[    9.788233] cloud-init[977]: ci-info: | enp0s3 | True |         10.0.2.15         | 255.255.255.0 | global | 02:90:05:96:38:68 |
[    9.791717] cloud-init[977]: ci-info: | enp0s3 | True | fe80::90:5ff:fe96:3868/64 |       .       |  link  | 02:90:05:96:38:68 |
[    9.798334] cloud-init[977]: ci-info: |   lo   | True |         127.0.0.1         |   255.0.0.0   |  host  |         .         |
[    9.805481] cloud-init[977]: ci-info: |   lo   | True |          ::1/128          |       .       |  host  |         .         |
[    9.816856] cloud-init[977]: ci-info: +--------+------+---------------------------+---------------+--------+-------------------+
[    9.824765] cloud-init[977]: ci-info: +++++++++++++++++++++++++++Route IPv4 info++++++++++++++++++++++++++++
[    9.831601] cloud-init[977]: ci-info: +-------+-------------+----------+---------------+-----------+-------+
[    9.834253] cloud-init[977]: ci-info: | Route | Destination | Gateway  |    Genmask    | Interface | Flags |
[    9.838520] cloud-init[977]: ci-info: +-------+-------------+----------+---------------+-----------+-------+
[    9.841423] cloud-init[977]: ci-info: |   0   |   0.0.0.0   | 10.0.2.2 |    0.0.0.0    |   enp0s3  |   UG  |
[    9.846168] cloud-init[977]: ci-info: |   1   |   10.0.2.0  | 0.0.0.0  | 255.255.255.0 |   enp0s3  |   U   |
[    9.849878] cloud-init[977]: ci-info: +-------+-------------+----------+---------------+-----------+-------+
[    9.856945] cloud-init[977]: ci-info: +++++++++++++++++++Route IPv6 info+++++++++++++++++++
[    9.860652] cloud-init[977]: ci-info: +-------+-------------+---------+-----------+-------+
[    9.864590] cloud-init[977]: ci-info: | Route | Destination | Gateway | Interface | Flags |
[    9.873578] cloud-init[977]: ci-info: +-------+-------------+---------+-----------+-------+
[    9.876897] cloud-init[977]: ci-info: |   0   |  fe80::/64  |    ::   |   enp0s3  |   U   |
[    9.885218] cloud-init[977]: ci-info: |   3   |   ff00::/8  |    ::   |   enp0s3  |   U   |
[    9.896997] cloud-init[977]: ci-info: +-------+-------------+---------+-----------+-------+
[[0;32m  OK  [0m] Started Initial cloud-init job (metadata service crawler).
[[0;32m  OK  [0m] Reached target Network is Online.
         Starting iSCSI initiator daemon (iscsid)...
[[0;32m  OK  [0m] Reached target System Initialization.
[[0;32m  OK  [0m] Listening on D-Bus System Message Bus Socket.
[[0;32m  OK  [0m] Listening on ACPID Listen Socket.
[[0;32m  OK  [0m] Listening on UUID daemon activation socket.
[[0;32m  OK  [0m] Started ACPI Events Check.
[[0;32m  OK  [0m] Reached target Paths.
[[0;32m  OK  [0m] Started Daily apt download activities.
[[0;32m  OK  [0m] Started Daily Cleanup of Temporary Directories.
         Starting Socket activation for snappy daemon.
         Starting LXD - unix socket.
[[0;32m  OK  [0m] Started Daily apt upgrade and clean activities.
[[0;32m  OK  [0m] Reached target Timers.
[[0;32m  OK  [0m] Reached target Cloud-config availability.
[[0;32m  OK  [0m] Listening on Socket activation for snappy daemon.
[[0;32m  OK  [0m] Listening on LXD - unix socket.
[[0;32m  OK  [0m] Started iSCSI initiator daemon (iscsid).
         Starting Login to default iSCSI targets...
[[0;32m  OK  [0m] Reached target Sockets.
[[0;32m  OK  [0m] Reached target Basic System.
[[0;32m  OK  [0m] Started D-Bus System Message Bus.
         Starting Virtualbox guest utils...
         Starting LXD - container startup/shutdown...
[[0;32m  OK  [0m] Started ACPI event daemon.
[[0;32m  OK  [0m] Started Unattended Upgrades Shutdown.
[[0;32m  OK  [0m] Started Regular background program processing daemon.
[[0;32m  OK  [0m] Started Deferred execution scheduler.
         Starting Accounts Service...
         Starting LSB: Record successful boot for GRUB...
         Starting LSB: MD monitoring daemon...
         Starting Login Service...
         Starting /etc/rc.local Compatibility...
         Starting OpenBSD Secure Shell server...
[[0;32m  OK  [0m] Started FUSE filesystem for LXC.
         Starting System Logging Service...
         Starting Snappy daemon...
[[0;32m  OK  [0m] Started /etc/rc.local Compatibility.
[[0;32m  OK  [0m] Started System Logging Service.
[[0;32m  OK  [0m] Started Login to default iSCSI targets.
[[0;32m  OK  [0m] Started OpenBSD Secure Shell server.
[[0;32m  OK  [0m] Started LXD - container startup/shutdown.
[[0;32m  OK  [0m] Started LSB: Record successful boot for GRUB.
[[0;32m  OK  [0m] Started LSB: MD monitoring daemon.
[[0;32m  OK  [0m] Started Login Service.
         Starting Authenticate and Authorize Users to Run Privileged Tasks...
[[0;32m  OK  [0m] Reached target Remote File Systems (Pre).
[[0;32m  OK  [0m] Reached target Remote File Systems.
         Starting Permit User Sessions...
         Starting LSB: automatic crash report generation...
         Starting LSB: Set the CPU Frequency Scaling governor to "ondemand"...
         Starting LSB: daemon to balance interrupts for SMP systems...
[[0;32m  OK  [0m] Started Permit User Sessions.
[[0;32m  OK  [0m] Started Virtualbox guest utils.
         Starting Terminate Plymouth Boot Screen...
         Starting Hold until boot process finishes up...
[[0;32m  OK  [0m] Started Snappy daemon.
[[0;32m  OK  [0m] Started Terminate Plymouth Boot Screen.
[[0;32m  OK  [0m] Started LSB: daemon to balance interrupts for SMP systems.
[[0;32m  OK  [0m] Started Hold until boot process finishes up.
[[0;32m  OK  [0m] Started Authenticate and Authorize Users to Run Privileged Tasks.
[[0;32m  OK  [0m] Started Accounts Service.
[[0;32m  OK  [0m] Started Getty on tty1.
         Starting Set console scheme...
[[0;32m  OK  [0m] Started Serial Getty on ttyS0.
[[0;32m  OK  [0m] Reached target Login Prompts.
         Starting Wait until snapd is fully seeded...
[[0;32m  OK  [0m] Started LSB: automatic crash report generation.
[[0;32m  OK  [0m] Started LSB: Set the CPU Frequency Scaling governor to "ondemand".
[[0;32m  OK  [0m] Started Set console scheme.
[[0;32m  OK  [0m] Started Wait until snapd is fully seeded.
[[0;32m  OK  [0m] Reached target Multi-User System.
[[0;32m  OK  [0m] Reached target Graphical Interface.
         Starting Update UTMP about System Runlevel Changes...
         Starting Apply the settings specified in cloud-config...
[[0;32m  OK  [0m] Started Update UTMP about System Runlevel Changes.
[[0;32m  OK  [0m] Created slice User Slice of vagrant.
         Starting User Manager for UID 1000...
[[0;32m  OK  [0m] Started Session 1 of user vagrant.
[[0;32m  OK  [0m] Started User Manager for UID 1000.
[   12.087764] cloud-init[1228]: Cloud-init v. 18.4-0ubuntu1~16.04.2 running 'modules:config' at Wed, 27 Mar 2019 12:45:49 +0000. Up 11.88 seconds.
[[0;32m  OK  [0m] Started Apply the settings specified in cloud-config.
         Starting Execute cloud user/final scripts...
[   12.855357] cloud-init[1308]: Cloud-init v. 18.4-0ubuntu1~16.04.2 running 'modules:final' at Wed, 27 Mar 2019 12:45:49 +0000. Up 12.72 seconds.
[   12.864695] cloud-init[1308]: Cloud-init v. 18.4-0ubuntu1~16.04.2 finished at Wed, 27 Mar 2019 12:45:50 +0000. Datasource DataSourceNoCloud [seed=/dev/sdb][dsmode=net].  Up 12.84 seconds
[[0;32m  OK  [0m] Started Execute cloud user/final scripts.
[[0;32m  OK  [0m] Reached target Cloud-init target.

Ubuntu 16.04.5 LTS ubuntu-xenial ttyS0

ubuntu-xenial login: 